Component: ARM Compiler 5.06 update 7 (build 960) Tool: armlink [4d3601]

==============================================================================

Section Cross References

    startup_stm32f10x_md.o(RESET) refers to startup_stm32f10x_md.o(STACK) for __initial_sp
    startup_stm32f10x_md.o(RESET) refers to startup_stm32f10x_md.o(.text) for Reset_Handler
    startup_stm32f10x_md.o(RESET) refers to stm32f10x_it.o(i.NMI_Handler) for NMI_Handler
    startup_stm32f10x_md.o(RESET) refers to stm32f10x_it.o(i.HardFault_Handler) for HardFault_Handler
    startup_stm32f10x_md.o(RESET) refers to stm32f10x_it.o(i.MemManage_Handler) for MemManage_Handler
    startup_stm32f10x_md.o(RESET) refers to stm32f10x_it.o(i.BusFault_Handler) for BusFault_Handler
    startup_stm32f10x_md.o(RESET) refers to stm32f10x_it.o(i.UsageFault_Handler) for UsageFault_Handler
    startup_stm32f10x_md.o(RESET) refers to stm32f10x_it.o(i.SVC_Handler) for SVC_Handler
    startup_stm32f10x_md.o(RESET) refers to stm32f10x_it.o(i.DebugMon_Handler) for DebugMon_Handler
    startup_stm32f10x_md.o(RESET) refers to stm32f10x_it.o(i.PendSV_Handler) for PendSV_Handler
    startup_stm32f10x_md.o(RESET) refers to stm32f10x_it.o(i.SysTick_Handler) for SysTick_Handler
    startup_stm32f10x_md.o(RESET) refers to tim.o(i.TIM1_UP_IRQHandler) for TIM1_UP_IRQHandler
    startup_stm32f10x_md.o(RESET) refers to usart.o(i.USART1_IRQHandler) for USART1_IRQHandler
    startup_stm32f10x_md.o(.text) refers to system_stm32f10x.o(i.SystemInit) for SystemInit
    startup_stm32f10x_md.o(.text) refers to entry.o(.ARM.Collect$$$$00000000) for __main
    system_stm32f10x.o(i.SetSysClock) refers to system_stm32f10x.o(i.SetSysClockTo72) for SetSysClockTo72
    system_stm32f10x.o(i.SystemCoreClockUpdate) refers to system_stm32f10x.o(.data) for SystemCoreClock
    system_stm32f10x.o(i.SystemInit) refers to system_stm32f10x.o(i.SetSysClock) for SetSysClock
    stm32f10x_adc.o(i.ADC_DeInit) refers to stm32f10x_rcc.o(i.RCC_APB2PeriphResetCmd) for RCC_APB2PeriphResetCmd
    stm32f10x_bkp.o(i.BKP_DeInit) refers to stm32f10x_rcc.o(i.RCC_BackupResetCmd) for RCC_BackupResetCmd
    stm32f10x_can.o(i.CAN_DeInit) refers to stm32f10x_rcc.o(i.RCC_APB1PeriphResetCmd) for RCC_APB1PeriphResetCmd
    stm32f10x_can.o(i.CAN_GetITStatus) refers to stm32f10x_can.o(i.CheckITStatus) for CheckITStatus
    stm32f10x_cec.o(i.CEC_DeInit) refers to stm32f10x_rcc.o(i.RCC_APB1PeriphResetCmd) for RCC_APB1PeriphResetCmd
    stm32f10x_dac.o(i.DAC_DeInit) refers to stm32f10x_rcc.o(i.RCC_APB1PeriphResetCmd) for RCC_APB1PeriphResetCmd
    stm32f10x_flash.o(i.FLASH_EnableWriteProtection) refers to stm32f10x_flash.o(i.FLASH_WaitForLastOperation) for FLASH_WaitForLastOperation
    stm32f10x_flash.o(i.FLASH_EraseAllBank1Pages) refers to stm32f10x_flash.o(i.FLASH_WaitForLastBank1Operation) for FLASH_WaitForLastBank1Operation
    stm32f10x_flash.o(i.FLASH_EraseAllPages) refers to stm32f10x_flash.o(i.FLASH_WaitForLastOperation) for FLASH_WaitForLastOperation
    stm32f10x_flash.o(i.FLASH_EraseOptionBytes) refers to stm32f10x_flash.o(i.FLASH_GetReadOutProtectionStatus) for FLASH_GetReadOutProtectionStatus
    stm32f10x_flash.o(i.FLASH_EraseOptionBytes) refers to stm32f10x_flash.o(i.FLASH_WaitForLastOperation) for FLASH_WaitForLastOperation
    stm32f10x_flash.o(i.FLASH_ErasePage) refers to stm32f10x_flash.o(i.FLASH_WaitForLastOperation) for FLASH_WaitForLastOperation
    stm32f10x_flash.o(i.FLASH_ProgramHalfWord) refers to stm32f10x_flash.o(i.FLASH_WaitForLastOperation) for FLASH_WaitForLastOperation
    stm32f10x_flash.o(i.FLASH_ProgramOptionByteData) refers to stm32f10x_flash.o(i.FLASH_WaitForLastOperation) for FLASH_WaitForLastOperation
    stm32f10x_flash.o(i.FLASH_ProgramWord) refers to stm32f10x_flash.o(i.FLASH_WaitForLastOperation) for FLASH_WaitForLastOperation
    stm32f10x_flash.o(i.FLASH_ReadOutProtection) refers to stm32f10x_flash.o(i.FLASH_WaitForLastOperation) for FLASH_WaitForLastOperation
    stm32f10x_flash.o(i.FLASH_UserOptionByteConfig) refers to stm32f10x_flash.o(i.FLASH_WaitForLastOperation) for FLASH_WaitForLastOperation
    stm32f10x_flash.o(i.FLASH_WaitForLastBank1Operation) refers to stm32f10x_flash.o(i.FLASH_GetBank1Status) for FLASH_GetBank1Status
    stm32f10x_flash.o(i.FLASH_WaitForLastOperation) refers to stm32f10x_flash.o(i.FLASH_GetBank1Status) for FLASH_GetBank1Status
    stm32f10x_gpio.o(i.GPIO_AFIODeInit) refers to stm32f10x_rcc.o(i.RCC_APB2PeriphResetCmd) for RCC_APB2PeriphResetCmd
    stm32f10x_gpio.o(i.GPIO_DeInit) refers to stm32f10x_rcc.o(i.RCC_APB2PeriphResetCmd) for RCC_APB2PeriphResetCmd
    stm32f10x_i2c.o(i.I2C_DeInit) refers to stm32f10x_rcc.o(i.RCC_APB1PeriphResetCmd) for RCC_APB1PeriphResetCmd
    stm32f10x_i2c.o(i.I2C_Init) refers to stm32f10x_rcc.o(i.RCC_GetClocksFreq) for RCC_GetClocksFreq
    stm32f10x_pwr.o(i.PWR_DeInit) refers to stm32f10x_rcc.o(i.RCC_APB1PeriphResetCmd) for RCC_APB1PeriphResetCmd
[...]
    Removing stm32f10x_spi.o(i.SPI_NSSInternalSoftwareConfig), (30 bytes).
    Removing stm32f10x_spi.o(i.SPI_SSOutputCmd), (24 bytes).
    Removing stm32f10x_spi.o(i.SPI_StructInit), (24 bytes).
    Removing stm32f10x_spi.o(i.SPI_TransmitCRC), (10 bytes).
    Removing stm32f10x_tim.o(i.TIM_BDTRConfig), (32 bytes).
    Removing stm32f10x_tim.o(i.TIM_BDTRStructInit), (18 bytes).
    Removing stm32f10x_tim.o(i.TIM_CCPreloadControl), (24 bytes).
    Removing stm32f10x_tim.o(i.TIM_CCxCmd), (30 bytes).
    Removing stm32f10x_tim.o(i.TIM_CCxNCmd), (30 bytes).
    Removing stm32f10x_tim.o(i.TIM_ClearFlag), (6 bytes).
    Removing stm32f10x_tim.o(i.TIM_ClearOC1Ref), (18 bytes).
    Removing stm32f10x_tim.o(i.TIM_ClearOC2Ref), (24 bytes).
    Removing stm32f10x_tim.o(i.TIM_ClearOC3Ref), (18 bytes).
    Removing stm32f10x_tim.o(i.TIM_ClearOC4Ref), (24 bytes).
    Removing stm32f10x_tim.o(i.TIM_CounterModeConfig), (18 bytes).
    Removing stm32f10x_tim.o(i.TIM_CtrlPWMOutputs), (30 bytes).
    Removing stm32f10x_tim.o(i.TIM_DMACmd), (18 bytes).
    Removing stm32f10x_tim.o(i.TIM_DMAConfig), (10 bytes).
    Removing stm32f10x_tim.o(i.TIM_DeInit), (488 bytes).
    Removing stm32f10x_tim.o(i.TIM_ETRClockMode1Config), (54 bytes).
    Removing stm32f10x_tim.o(i.TIM_ETRClockMode2Config), (32 bytes).
    Removing stm32f10x_tim.o(i.TIM_ETRConfig), (28 bytes).
    Removing stm32f10x_tim.o(i.TIM_ForcedOC1Config), (18 bytes).
    Removing stm32f10x_tim.o(i.TIM_ForcedOC2Config), (26 bytes).
    Removing stm32f10x_tim.o(i.TIM_ForcedOC3Config), (18 bytes).
    Removing stm32f10x_tim.o(i.TIM_ForcedOC4Config), (26 bytes).
    Removing stm32f10x_tim.o(i.TIM_GenerateEvent), (4 bytes).
    Removing stm32f10x_tim.o(i.TIM_GetCapture1), (6 bytes).
    Removing stm32f10x_tim.o(i.TIM_GetCapture2), (6 bytes).
    Removing stm32f10x_tim.o(i.TIM_GetCapture3), (6 bytes).
    Removing stm32f10x_tim.o(i.TIM_GetCapture4), (8 bytes).
    Removing stm32f10x_tim.o(i.TIM_GetFlagStatus), (18 bytes).
    Removing stm32f10x_tim.o(i.TIM_GetPrescaler), (6 bytes).
    Removing stm32f10x_tim.o(i.TIM_ITRxExternalClockConfig), (24 bytes).
    Removing stm32f10x_tim.o(i.TIM_OC1FastConfig), (18 bytes).
    Removing stm32f10x_tim.o(i.TIM_OC1NPolarityConfig), (18 bytes).
    Removing stm32f10x_tim.o(i.TIM_OC1PolarityConfig), (18 bytes).
    Removing stm32f10x_tim.o(i.TIM_OC2FastConfig), (26 bytes).
    Removing stm32f10x_tim.o(i.TIM_OC2Init), (164 bytes).
    Removing stm32f10x_tim.o(i.TIM_OC2NPolarityConfig), (26 bytes).
    Removing stm32f10x_tim.o(i.TIM_OC2PolarityConfig), (26 bytes).
    Removing stm32f10x_tim.o(i.TIM_OC2PreloadConfig), (26 bytes).
    Removing stm32f10x_tim.o(i.TIM_OC3FastConfig), (18 bytes).
    Removing stm32f10x_tim.o(i.TIM_OC3NPolarityConfig), (26 bytes).
    Removing stm32f10x_tim.o(i.TIM_OC3PolarityConfig), (26 bytes).
    Removing stm32f10x_tim.o(i.TIM_OC4FastConfig), (26 bytes).
    Removing stm32f10x_tim.o(i.TIM_OC4Init), (124 bytes).
    Removing stm32f10x_tim.o(i.TIM_OC4PolarityConfig), (26 bytes).
    Removing stm32f10x_tim.o(i.TIM_OC4PreloadConfig), (26 bytes).
    Removing stm32f10x_tim.o(i.TIM_OCStructInit), (20 bytes).
    Removing stm32f10x_tim.o(i.TIM_PWMIConfig), (124 bytes).
    Removing stm32f10x_tim.o(i.TIM_PrescalerConfig), (6 bytes).
    Removing stm32f10x_tim.o(i.TIM_SelectCCDMA), (24 bytes).
    Removing stm32f10x_tim.o(i.TIM_SelectCOM), (24 bytes).
    Removing stm32f10x_tim.o(i.TIM_SelectHallSensor), (24 bytes).
    Removing stm32f10x_tim.o(i.TIM_SelectInputTrigger), (18 bytes).
    Removing stm32f10x_tim.o(i.TIM_SelectMasterSlaveMode), (18 bytes).
    Removing stm32f10x_tim.o(i.TIM_SelectOCxM), (82 bytes).
    Removing stm32f10x_tim.o(i.TIM_SelectOnePulseMode), (18 bytes).
    Removing stm32f10x_tim.o(i.TIM_SelectOutputTrigger), (18 bytes).
    Removing stm32f10x_tim.o(i.TIM_SelectSlaveMode), (18 bytes).
    Removing stm32f10x_tim.o(i.TIM_SetAutoreload), (4 bytes).
    Removing stm32f10x_tim.o(i.TIM_SetClockDivision), (18 bytes).
    Removing stm32f10x_tim.o(i.TIM_SetCompare1), (4 bytes).
    Removing stm32f10x_tim.o(i.TIM_SetCompare2), (4 bytes).
    Removing stm32f10x_tim.o(i.TIM_SetCompare3), (4 bytes).
    Removing stm32f10x_tim.o(i.TIM_SetCompare4), (6 bytes).
    Removing stm32f10x_tim.o(i.TIM_SetCounter), (4 bytes).
    Removing stm32f10x_tim.o(i.TIM_TIxExternalClockConfig), (62 bytes).
    Removing stm32f10x_tim.o(i.TIM_TimeBaseStructInit), (18 bytes).
    Removing stm32f10x_tim.o(i.TIM_UpdateDisableConfig), (24 bytes).
    Removing stm32f10x_tim.o(i.TIM_UpdateRequestConfig), (24 bytes).
    Removing stm32f10x_usart.o(i.USART_ClockInit), (34 bytes).
    Removing stm32f10x_usart.o(i.USART_ClockStructInit), (12 bytes).
    Removing stm32f10x_usart.o(i.USART_DMACmd), (18 bytes).
    Removing stm32f10x_usart.o(i.USART_DeInit), (156 bytes).
    Removing stm32f10x_usart.o(i.USART_HalfDuplexCmd), (24 bytes).
    Removing stm32f10x_usart.o(i.USART_ITConfig), (74 bytes).
    Removing stm32f10x_usart.o(i.USART_IrDACmd), (24 bytes).
    Removing stm32f10x_usart.o(i.USART_IrDAConfig), (18 bytes).
    Removing stm32f10x_usart.o(i.USART_LINBreakDetectLengthConfig), (18 bytes).
    Removing stm32f10x_usart.o(i.USART_LINCmd), (24 bytes).
    Removing stm32f10x_usart.o(i.USART_OneBitMethodCmd), (24 bytes).
    Removing stm32f10x_usart.o(i.USART_OverSampling8Cmd), (22 bytes).
    Removing stm32f10x_usart.o(i.USART_ReceiverWakeUpCmd), (24 bytes).
    Removing stm32f10x_usart.o(i.USART_SendBreak), (10 bytes).
    Removing stm32f10x_usart.o(i.USART_SetAddress), (18 bytes).
    Removing stm32f10x_usart.o(i.USART_SetGuardTime), (16 bytes).
    Removing stm32f10x_usart.o(i.USART_SetPrescaler), (16 bytes).
    Removing stm32f10x_usart.o(i.USART_SmartCardCmd), (24 bytes).
    Removing stm32f10x_usart.o(i.USART_SmartCardNACKCmd), (24 bytes).
    Removing stm32f10x_usart.o(i.USART_StructInit), (24 bytes).
    Removing stm32f10x_usart.o(i.USART_WakeUpConfig), (18 bytes).
    Removing stm32f10x_wwdg.o(i.WWDG_ClearFlag), (12 bytes).
    Removing stm32f10x_wwdg.o(i.WWDG_DeInit), (22 bytes).
    Removing stm32f10x_wwdg.o(i.WWDG_Enable), (16 bytes).
    Removing stm32f10x_wwdg.o(i.WWDG_EnableIT), (12 bytes).
    Removing stm32f10x_wwdg.o(i.WWDG_GetFlagStatus), (12 bytes).
    Removing stm32f10x_wwdg.o(i.WWDG_SetCounter), (16 bytes).
    Removing stm32f10x_wwdg.o(i.WWDG_SetPrescaler), (24 bytes).
    Removing stm32f10x_wwdg.o(i.WWDG_SetWindowValue), (40 bytes).
    Removing main.o(i.MPU6050_OffSet), (336 bytes).
    Removing i2c.o(i.OLED_I2C_Haedwaer_Send), (124 bytes).
    Removing i2c.o(i.OLED_I2C_Hardware), (116 bytes).
    Removing i2c.o(i.OLED_I2C_SendCmd), (14 bytes).
    Removing i2c.o(i.OLED_I2C_SendData), (14 bytes).
    Removing i2c.o(.data), (2 bytes).
    Removing mpu6050.o(i.MPU6050_Read_Len), (112 bytes).
    Removing mpu6050.o(i.MPU_Get_Accelerometer), (80 bytes).
    Removing mpu6050.o(i.MPU_Get_Gyroscope), (80 bytes).
    Removing tim.o(i.Delay_Us), (54 bytes).
    Removing usart.o(i.USART_POW), (20 bytes).
    Removing usart.o(i.USART_SendArray), (26 bytes).
    Removing usart.o(i.USART_SendByet), (32 bytes).
    Removing usart.o(i.USART_SendNumBer), (60 bytes).
    Removing oled.o(i.OLED_ShowBinNum), (62 bytes).
    Removing oled.o(i.OLED_ShowHexNum), (84 bytes).
    Removing oled.o(i.OLED_ShowNum), (68 bytes).
    Removing mpu6050_data.o(i.Angle_Calcu), (888 bytes).
    Removing mpu6050_data.o(i.Kalman_Filter_X), (632 bytes).
    Removing mpu6050_data.o(i.Kalman_Filter_Y), (632 bytes).
    Removing mpu6050_data.o(.bss), (16 bytes).
    Removing mpu6050_data.o(.data), (128 bytes).
    Removing ffltui.o(.text), (10 bytes).
    Removing dfixul.o(.text), (48 bytes).
    Removing cdrcmple.o(.text), (48 bytes).

460 unused section(s) (total 20756 bytes) removed from the image.

==============================================================================

Image Symbol Table

    Local Symbols

    Symbol Name                              Value     Ov Type        Size  Object(Section)

    ../clib/microlib/division.c              0x00000000   Number         0  uldiv.o ABSOLUTE
    ../clib/microlib/division.c              0x00000000   Number         0  uidiv.o ABSOLUTE
    ../clib/microlib/errno.c                 0x00000000   Number         0  errno.o ABSOLUTE
    ../clib/microlib/init/entry.s            0x00000000   Number         0  entry10b.o ABSOLUTE
    ../clib/microlib/init/entry.s            0x00000000   Number         0  entry10a.o ABSOLUTE
    ../clib/microlib/init/entry.s            0x00000000   Number         0  entry9b.o ABSOLUTE
    ../clib/microlib/init/entry.s            0x00000000   Number         0  entry9a.o ABSOLUTE
    ../clib/microlib/init/entry.s            0x00000000   Number         0  entry2.o ABSOLUTE
    ../clib/microlib/init/entry.s            0x00000000   Number         0  entry12a.o ABSOLUTE
    ../clib/microlib/init/entry.s            0x00000000   Number         0  entry5.o ABSOLUTE
    ../clib/microlib/init/entry.s            0x00000000   Number         0  entry11a.o ABSOLUTE
    ../clib/microlib/init/entry.s            0x00000000   Number         0  entry8b.o ABSOLUTE
    ../clib/microlib/init/entry.s            0x00000000   Number         0  entry12b.o ABSOLUTE
    ../clib/microlib/init/entry.s            0x00000000   Number         0  entry7a.o ABSOLUTE
    ../clib/microlib/init/entry.s            0x00000000   Number         0  entry8a.o ABSOLUTE
    ../clib/microlib/init/entry.s            0x00000000   Number         0  entry7b.o ABSOLUTE
    ../clib/microlib/init/entry.s            0x00000000   Number         0  entry.o ABSOLUTE
    ../clib/microlib/init/entry.s            0x00000000   Number         0  entry11b.o ABSOLUTE
    ../clib/microlib/longlong.c              0x00000000   Number         0  llshl.o ABSOLUTE
    ../clib/microlib/longlong.c              0x00000000   Number         0  llsshr.o ABSOLUTE
    ../clib/microlib/longlong.c              0x00000000   Number         0  llushr.o ABSOLUTE
    ../clib/microlib/printf/printf.c         0x00000000   Number         0  printf0.o ABSOLUTE
    ../clib/microlib/printf/printf.c         0x00000000   Number         0  printf8.o ABSOLUTE
    ../clib/microlib/printf/printf.c         0x00000000   Number         0  printfa.o ABSOLUTE
    ../clib/microlib/printf/printf.c         0x00000000   Number         0  printf6.o ABSOLUTE
    ../clib/microlib/printf/printf.c         0x00000000   Number         0  printf2.o ABSOLUTE
    ../clib/microlib/printf/printf.c         0x00000000   Number         0  printf3.o ABSOLUTE
    ../clib/microlib/printf/printf.c         0x00000000   Number         0  printf4.o ABSOLUTE
    ../clib/microlib/printf/printf.c         0x00000000   Number         0  printf5.o ABSOLUTE
    ../clib/microlib/printf/printf.c         0x00000000   Number         0  printf1.o ABSOLUTE
    ../clib/microlib/printf/printf.c         0x00000000   Number         0  printf7.o ABSOLUTE
    ../clib/microlib/printf/printf.c         0x00000000   Number         0  printfb.o ABSOLUTE
    ../clib/microlib/printf/stubs.s          0x00000000   Number         0  stubs.o ABSOLUTE
    ../clib/microlib/stdio/streams.c         0x00000000   Number         0  stdout.o ABSOLUTE
    ../clib/microlib/stubs.s                 0x00000000   Number         0  iusefp.o ABSOLUTE
    ../fplib/microlib/d2f.c                  0x00000000   Number         0  d2f.o ABSOLUTE
    ../fplib/microlib/f2d.c                  0x00000000   Number         0  f2d.o ABSOLUTE
    ../fplib/microlib/fpadd.c                0x00000000   Number         0  fadd.o ABSOLUTE
    ../fplib/microlib/fpadd.c                0x00000000   Number         0  dadd.o ABSOLUTE
    ../fplib/microlib/fpdiv.c                0x00000000   Number         0  fdiv.o ABSOLUTE
    ../fplib/microlib/fpdiv.c                0x00000000   Number         0  ddiv.o ABSOLUTE
    ../fplib/microlib/fpepilogue.c           0x00000000   Number         0  fepilogue.o ABSOLUTE
    ../fplib/microlib/fpepilogue.c           0x00000000   Number         0  depilogue.o ABSOLUTE
    ../fplib/microlib/fpfix.c                0x00000000   Number         0  ffixi.o ABSOLUTE
    ../fplib/microlib/fpfix.c                0x00000000   Number         0  ffixui.o ABSOLUTE
    ../fplib/microlib/fpfix.c                0x00000000   Number         0  dfixul.o ABSOLUTE
    ../fplib/microlib/fpflt.c                0x00000000   Number         0  dflti.o ABSOLUTE
    ../fplib/microlib/fpflt.c                0x00000000   Number         0  ffltui.o ABSOLUTE
    ../fplib/microlib/fpflt.c                0x00000000   Number         0  fflti.o ABSOLUTE
    ../fplib/microlib/fpmul.c                0x00000000   Number         0  dmul.o ABSOLUTE
    ../fplib/microlib/fpmul.c                0x00000000   Number         0  fmul.o ABSOLUTE
    ../fplib/microlib/fpscalb.c              0x00000000   Number         0  dscalb.o ABSOLUTE
    ../mathlib/atan.c                        0x00000000   Number         0  atan_x.o ABSOLUTE
    ../mathlib/atan.c                        0x00000000   Number         0  atan.o ABSOLUTE
    ../mathlib/atan2.c                       0x00000000   Number         0  atan2_x.o ABSOLUTE
    ../mathlib/atan2.c                       0x00000000   Number         0  atan2.o ABSOLUTE
    ../mathlib/dunder.c                      0x00000000   Number         0  dunder.o ABSOLUTE
    ../mathlib/fpclassify.c                  0x00000000   Number         0  fpclassify.o ABSOLUTE
    ../mathlib/poly.c                        0x00000000   Number         0  poly.o ABSOLUTE
    ../mathlib/qnan.c                        0x00000000   Number         0  qnan.o ABSOLUTE
    ..\Libraries\CMSIS\core_cm3.c            0x00000000   Number         0  core_cm3.o ABSOLUTE
    ..\Libraries\CMSIS\startup\startup_stm32f10x_md.s 0x00000000   Number         0  startup_stm32f10x_md.o ABSOLUTE
    ..\Libraries\CMSIS\system_stm32f10x.c    0x00000000   Number         0  system_stm32f10x.o ABSOLUTE
    ..\Libraries\STM32F10x_StdPeriph_Driver\src\misc.c 0x00000000   Number         0  misc.o ABSOLUTE
    ..\Libraries\STM32F10x_StdPeriph_Driver\src\stm32f10x_adc.c 0x00000000   Number         0  stm32f10x_adc.o ABSOLUTE
    ..\Libraries\STM32F10x_StdPeriph_Driver\src\stm32f10x_bkp.c 0x00000000   Number         0  stm32f10x_bkp.o ABSOLUTE
    ..\Libraries\STM32F10x_StdPeriph_Driver\src\stm32f10x_can.c 0x00000000   Number         0  stm32f10x_can.o ABSOLUTE
    ..\Libraries\STM32F10x_StdPeriph_Driver\src\stm32f10x_cec.c 0x00000000   Number         0  stm32f10x_cec.o ABSOLUTE
    ..\Libraries\STM32F10x_StdPeriph_Driver\src\stm32f10x_crc.c 0x00000000   Number         0  stm32f10x_crc.o ABSOLUTE
    ..\Libraries\STM32F10x_StdPeriph_Driver\src\stm32f10x_dac.c 0x00000000   Number         0  stm32f10x_dac.o ABSOLUTE
    ..\Libraries\STM32F10x_StdPeriph_Driver\src\stm32f10x_dbgmcu.c 0x00000000   Number         0  stm32f10x_dbgmcu.o ABSOLUTE
    ..\Libraries\STM32F10x_StdPeriph_Driver\src\stm32f10x_dma.c 0x00000000   Number         0  stm32f10x_dma.o ABSOLUTE
    ..\Libraries\STM32F10x_StdPeriph_Driver\src\stm32f10x_exti.c 0x00000000   Number         0  stm32f10x_exti.o ABSOLUTE
    ..\Libraries\STM32F10x_StdPeriph_Driver\src\stm32f10x_flash.c 0x00000000   Number         0  stm32f10x_flash.o ABSOLUTE
    ..\Libraries\STM32F10x_StdPeriph_Driver\src\stm32f10x_fsmc.c 0x00000000   Number         0  stm32f10x_fsmc.o ABSOLUTE
    ..\Libraries\STM32F10x_StdPeriph_Driver\src\stm32f10x_gpio.c 0x00000000   Number         0  stm32f10x_gpio.o ABSOLUTE
    ..\Libraries\STM32F10x_StdPeriph_Driver\src\stm32f10x_i2c.c 0x00000000   Number         0  stm32f10x_i2c.o ABSOLUTE
    ..\Libraries\STM32F10x_StdPeriph_Driver\src\stm32f10x_iwdg.c 0x00000000   Number         0  stm32f10x_iwdg.o ABSOLUTE
    ..\Libraries\STM32F10x_StdPeriph_Driver\src\stm32f10x_pwr.c 0x00000000   Number         0  stm32f10x_pwr.o ABSOLUTE
    ..\Libraries\STM32F10x_StdPeriph_Driver\src\stm32f10x_rcc.c 0x00000000   Number         0  stm32f10x_rcc.o ABSOLUTE
    ..\Libraries\STM32F10x_StdPeriph_Driver\src\stm32f10x_rtc.c 0x00000000   Number         0  stm32f10x_rtc.o ABSOLUTE
    ..\Libraries\STM32F10x_StdPeriph_Driver\src\stm32f10x_sdio.c 0x00000000   Number         0  stm32f10x_sdio.o ABSOLUTE
    ..\Libraries\STM32F10x_StdPeriph_Driver\src\stm32f10x_spi.c 0x00000000   Number         0  stm32f10x_spi.o ABSOLUTE
    ..\Libraries\STM32F10x_StdPeriph_Driver\src\stm32f10x_tim.c 0x00000000   Number         0  stm32f10x_tim.o ABSOLUTE
    ..\Libraries\STM32F10x_StdPeriph_Driver\src\stm32f10x_usart.c 0x00000000   Number         0  stm32f10x_usart.o ABSOLUTE
    ..\Libraries\STM32F10x_StdPeriph_Driver\src\stm32f10x_wwdg.c 0x00000000   Number         0  stm32f10x_wwdg.o ABSOLUTE
    ..\User\CTRL\CTRL.c                      0x00000000   Number         0  ctrl.o ABSOLUTE
    ..\User\ENCODE\ENCODE.c                  0x00000000   Number         0  encode.o ABSOLUTE
    ..\User\I2C\I2C.c                        0x00000000   Number         0  i2c.o ABSOLUTE
    ..\User\MPU6050\MPU6050.c                0x00000000   Number         0  mpu6050.o ABSOLUTE
    ..\User\MPU6050\MPU6050_DATA.c           0x00000000   Number         0  mpu6050_data.o ABSOLUTE
    ..\User\OLED\OLED.c                      0x00000000   Number         0  oled.o ABSOLUTE
    ..\User\PID\PID.c                        0x00000000   Number         0  pid.o ABSOLUTE
    ..\User\TIM\TIM.c                        0x00000000   Number         0  tim.o ABSOLUTE
    ..\User\USART\USART.c                    0x00000000   Number         0  usart.o ABSOLUTE
    ..\User\main.c                           0x00000000   Number         0  main.o ABSOLUTE
    ..\User\stm32f10x_it.c                   0x00000000   Number         0  stm32f10x_it.o ABSOLUTE
    ..\\Libraries\\CMSIS\\core_cm3.c         0x00000000   Number         0  core_cm3.o ABSOLUTE
    cdcmple.s                                0x00000000   Number         0  cdcmple.o ABSOLUTE
    cdrcmple.s                               0x00000000   Number         0  cdrcmple.o ABSOLUTE
    cfcmple.s                                0x00000000   Number         0  cfcmple.o ABSOLUTE
    cfrcmple.s                               0x00000000   Number         0  cfrcmple.o ABSOLUTE
    dc.s                                     0x00000000   Number         0  dc.o ABSOLUTE
    handlers.s                               0x00000000   Number         0  handlers.o ABSOLUTE
    init.s                                   0x00000000   Number         0  init.o ABSOLUTE
    RESET                                    0x08000000   Section      236  startup_stm32f10x_md.o(RESET)
    .ARM.Collect$$$$00000000                 0x080000ec   Section        0  entry.o(.ARM.Collect$$$$00000000)
    .ARM.Collect$$$$00000001                 0x080000ec   Section        4  entry2.o(.ARM.Collect$$$$00000001)
    .ARM.Collect$$$$00000004                 0x080000f0   Section        4  entry5.o(.ARM.Collect$$$$00000004)
    .ARM.Collect$$$$00000008                 0x080000f4   Section        0  entry7b.o(.ARM.Collect$$$$00000008)
    .ARM.Collect$$$$0000000A                 0x080000f4   Section        0  entry8b.o(.ARM.Collect$$$$0000000A)
    .ARM.Collect$$$$0000000B                 0x080000f4   Section        8  entry9a.o(.ARM.Collect$$$$0000000B)
    .ARM.Collect$$$$0000000E                 0x080000fc   Section        4  entry12b.o(.ARM.Collect$$$$0000000E)
    .ARM.Collect$$$$0000000F                 0x08000100   Section        0  entry10a.o(.ARM.Collect$$$$0000000F)
    .ARM.Collect$$$$00000011                 0x08000100   Section        0  entry11a.o(.ARM.Collect$$$$00000011)
    .ARM.Collect$$$$00002712                 0x08000100   Section        4  entry2.o(.ARM.Collect$$$$00002712)
    __lit__00000000                          0x08000100   Data           4  entry2.o(.ARM.Collect$$$$00002712)
    .text                                    0x08000104   Section       36  startup_stm32f10x_md.o(.text)
    .text                                    0x08000128   Section        0  fadd.o(.text)
    .text                                    0x080001d8   Section        0  fmul.o(.text)
    .text                                    0x0800023c   Section        0  fdiv.o(.text)
    .text                                    0x080002b8   Section        0  dadd.o(.text)
    .text                                    0x08000406   Section        0  dmul.o(.text)
    .text                                    0x080004ea   Section        0  ddiv.o(.text)
    .text                                    0x080005c8   Section        0  fflti.o(.text)
    .text                                    0x080005da   Section        0  dflti.o(.text)
    .text                                    0x080005fc   Section        0  ffixi.o(.text)
    .text                                    0x0800062e   Section        0  ffixui.o(.text)
    .text                                    0x08000656   Section        0  f2d.o(.text)
    .text                                    0x0800067c   Section        0  d2f.o(.text)
    .text                                    0x080006b4   Section       20  cfcmple.o(.text)
    .text                                    0x080006c8   Section       20  cfrcmple.o(.text)
    .text                                    0x080006dc   Section        0  uldiv.o(.text)
    .text                                    0x0800073e   Section        0  llshl.o(.text)
    .text                                    0x0800075c   Section        0  llsshr.o(.text)
    .text                                    0x08000780   Section        0  iusefp.o(.text)
    .text                                    0x08000780   Section        0  fepilogue.o(.text)
    .text                                    0x080007ee   Section        0  depilogue.o(.text)
    .text                                    0x080008a8   Section        0  dscalb.o(.text)
    .text                                    0x080008d8   Section       48  cdcmple.o(.text)
    .text                                    0x08000908   Section       36  init.o(.text)
    .text                                    0x0800092c   Section        0  llushr.o(.text)
    i.All_Init                               0x0800094c   Section        0  main.o(i.All_Init)
    i.Blance_PID                             0x080009b0   Section        0  pid.o(i.Blance_PID)
    i.BusFault_Handler                       0x08000a04   Section        0  stm32f10x_it.o(i.BusFault_Handler)
    i.Ctrl_Init                              0x08000a08   Section        0  ctrl.o(i.Ctrl_Init)
    i.DebugMon_Handler                       0x08000a34   Section        0  stm32f10x_it.o(i.DebugMon_Handler)
    i.Delay_Ms                               0x08000a38   Section        0  tim.o(i.Delay_Ms)
    i.ENCODE_Config                          0x08000a74   Section        0  encode.o(i.ENCODE_Config)
    i.GPIO_Init                              0x08000a80   Section        0  stm32f10x_gpio.o(i.GPIO_Init)
    i.GPIO_PinRemapConfig                    0x08000b98   Section        0  stm32f10x_gpio.o(i.GPIO_PinRemapConfig)
    i.GPIO_ReadInputDataBit                  0x08000c28   Section        0  stm32f10x_gpio.o(i.GPIO_ReadInputDataBit)
    i.GPIO_SetBits                           0x08000c3a   Section        0  stm32f10x_gpio.o(i.GPIO_SetBits)
    i.GPIO_WriteBit                          0x08000c3e   Section        0  stm32f10x_gpio.o(i.GPIO_WriteBit)
    i.Get_LEncoder                           0x08000c48   Section        0  encode.o(i.Get_LEncoder)
    i.Get_REncoder                           0x08000c64   Section        0  encode.o(i.Get_REncoder)
    i.HardFault_Handler                      0x08000c7c   Section        0  stm32f10x_it.o(i.HardFault_Handler)
    i.I2C_R_SDA                              0x08000c80   Section        0  i2c.o(i.I2C_R_SDA)
    i.I2C_ReadAck                            0x08000c94   Section        0  i2c.o(i.I2C_ReadAck)
    i.I2C_ReadByte                           0x08000cb2   Section        0  i2c.o(i.I2C_ReadByte)
    i.I2C_SendAck                            0x08000ce6   Section        0  i2c.o(i.I2C_SendAck)
    i.I2C_SendBit                            0x08000cfe   Section        0  i2c.o(i.I2C_SendBit)
    i.I2C_Start                              0x08000d28   Section        0  i2c.o(i.I2C_Start)
    i.I2C_Stop                               0x08000d44   Section        0  i2c.o(i.I2C_Stop)
    i.I2C_W_SCL                              0x08000d5c   Section        0  i2c.o(i.I2C_W_SCL)
    i.I2C_W_SDA                              0x08000d70   Section        0  i2c.o(i.I2C_W_SDA)
    i.LENCODE_Config                         0x08000d84   Section        0  encode.o(i.LENCODE_Config)
    i.MOTO_Ctrl                              0x08000e20   Section        0  ctrl.o(i.MOTO_Ctrl)
    i.MPU6050_GetData                        0x08000ec8   Section        0  mpu6050.o(i.MPU6050_GetData)
    i.MPU6050_I2C_software                   0x08000f90   Section        0  i2c.o(i.MPU6050_I2C_software)
    i.MPU6050_Init                           0x08000fc4   Section        0  mpu6050.o(i.MPU6050_Init)
    i.MPU6050_Read                           0x08001010   Section        0  mpu6050.o(i.MPU6050_Read)
    i.MPU6050_Write                          0x08001050   Section        0  mpu6050.o(i.MPU6050_Write)
    i.MPU_Get_Pitch                          0x08001080   Section        0  mpu6050.o(i.MPU_Get_Pitch)
    i.MPU_Get_Roll                           0x080011b0   Section        0  mpu6050.o(i.MPU_Get_Roll)
    i.MemManage_Handler                      0x080012e0   Section        0  stm32f10x_it.o(i.MemManage_Handler)
    i.NMI_Handler                            0x080012e4   Section        0  stm32f10x_it.o(i.NMI_Handler)
    i.NVIC_Config                            0x080012e6   Section        0  tim.o(i.NVIC_Config)
    i.NVIC_Init                              0x08001310   Section        0  misc.o(i.NVIC_Init)
    i.NVIC_PriorityGroupConfig               0x08001380   Section        0  misc.o(i.NVIC_PriorityGroupConfig)
    i.OLED_Clear                             0x08001394   Section        0  oled.o(i.OLED_Clear)
    i.OLED_I2C_Init                          0x080013c0   Section        0  oled.o(i.OLED_I2C_Init)
    i.OLED_I2C_SendByte                      0x08001410   Section        0  oled.o(i.OLED_I2C_SendByte)
    i.OLED_I2C_Start                         0x08001464   Section        0  oled.o(i.OLED_I2C_Start)
    i.OLED_I2C_Stop                          0x08001498   Section        0  oled.o(i.OLED_I2C_Stop)
    i.OLED_Init                              0x080014c0   Section        0  oled.o(i.OLED_Init)
    i.OLED_Pow                               0x0800156e   Section        0  oled.o(i.OLED_Pow)
    i.OLED_SetCursor                         0x08001582   Section        0  oled.o(i.OLED_SetCursor)
    i.OLED_ShowChar                          0x080015a4   Section        0  oled.o(i.OLED_ShowChar)
    i.OLED_ShowMPU6050                       0x08001618   Section        0  main.o(i.OLED_ShowMPU6050)
    i.OLED_ShowSignedNum                     0x08001678   Section        0  oled.o(i.OLED_ShowSignedNum)
    i.OLED_ShowString                        0x080016de   Section        0  oled.o(i.OLED_ShowString)
    i.OLED_WriteCommand                      0x08001706   Section        0  oled.o(i.OLED_WriteCommand)
    i.OLED_WriteData                         0x08001726   Section        0  oled.o(i.OLED_WriteData)
    i.PID_CTRL                               0x08001748   Section        0  pid.o(i.PID_CTRL)
    i.PID_Init                               0x08001800   Section        0  pid.o(i.PID_Init)
    i.PWM_Config                             0x08001848   Section        0  tim.o(i.PWM_Config)
    i.PendSV_Handler                         0x080018f8   Section        0  stm32f10x_it.o(i.PendSV_Handler)
    i.RCC_APB1PeriphClockCmd                 0x080018fc   Section        0  stm32f10x_rcc.o(i.RCC_APB1PeriphClockCmd)
    i.RCC_APB2PeriphClockCmd                 0x0800191c   Section        0  stm32f10x_rcc.o(i.RCC_APB2PeriphClockCmd)
    i.RCC_GetClocksFreq                      0x0800193c   Section        0  stm32f10x_rcc.o(i.RCC_GetClocksFreq)
    i.RENCODE_Config                         0x08001a10   Section        0  encode.o(i.RENCODE_Config)
    i.SVC_Handler                            0x08001aac   Section        0  stm32f10x_it.o(i.SVC_Handler)
    i.SetSysClock                            0x08001aae   Section        0  system_stm32f10x.o(i.SetSysClock)
    SetSysClock                              0x08001aaf   Thumb Code     8  system_stm32f10x.o(i.SetSysClock)
    i.SetSysClockTo72                        0x08001ab8   Section        0  system_stm32f10x.o(i.SetSysClockTo72)
    SetSysClockTo72                          0x08001ab9   Thumb Code   214  system_stm32f10x.o(i.SetSysClockTo72)
    i.Speed_PID                              0x08001b98   Section        0  pid.o(i.Speed_PID)
    i.SysTick_Config                         0x08001c68   Section        0  tim.o(i.SysTick_Config)
    SysTick_Config                           0x08001c69   Thumb Code    76  tim.o(i.SysTick_Config)
    i.SysTick_Handler                        0x08001cbc   Section        0  stm32f10x_it.o(i.SysTick_Handler)
    i.SystemInit                             0x08001cc0   Section        0  system_stm32f10x.o(i.SystemInit)
    i.TI1_Config                             0x08001d20   Section        0  stm32f10x_tim.o(i.TI1_Config)
    TI1_Config                               0x08001d21   Thumb Code   108  stm32f10x_tim.o(i.TI1_Config)
    i.TI2_Config                             0x08001da0   Section        0  stm32f10x_tim.o(i.TI2_Config)
    TI2_Config                               0x08001da1   Thumb Code   130  stm32f10x_tim.o(i.TI2_Config)
    i.TI3_Config                             0x08001e38   Section        0  stm32f10x_tim.o(i.TI3_Config)
    TI3_Config                               0x08001e39   Thumb Code   122  stm32f10x_tim.o(i.TI3_Config)
    i.TI4_Config                             0x08001ec8   Section        0  stm32f10x_tim.o(i.TI4_Config)
    TI4_Config                               0x08001ec9   Thumb Code   130  stm32f10x_tim.o(i.TI4_Config)
    i.TIM1_UP_IRQHandler                     0x08001f60   Section        0  tim.o(i.TIM1_UP_IRQHandler)
    i.TIM_ARRPreloadConfig                   0x08001fc8   Section        0  stm32f10x_tim.o(i.TIM_ARRPreloadConfig)
    i.TIM_ClearITPendingBit                  0x08001fe0   Section        0  stm32f10x_tim.o(i.TIM_ClearITPendingBit)
    i.TIM_Cmd                                0x08001fe6   Section        0  stm32f10x_tim.o(i.TIM_Cmd)
    i.TIM_EncoderInterfaceConfig             0x08001ffe   Section        0  stm32f10x_tim.o(i.TIM_EncoderInterfaceConfig)
    i.TIM_GetCounter                         0x08002040   Section        0  stm32f10x_tim.o(i.TIM_GetCounter)
    i.TIM_GetITStatus                        0x08002046   Section        0  stm32f10x_tim.o(i.TIM_GetITStatus)
    i.TIM_ICInit                             0x08002068   Section        0  stm32f10x_tim.o(i.TIM_ICInit)
    i.TIM_ICStructInit                       0x08002114   Section        0  stm32f10x_tim.o(i.TIM_ICStructInit)
    i.TIM_ITConfig                           0x08002126   Section        0  stm32f10x_tim.o(i.TIM_ITConfig)
    i.TIM_InternalClockConfig                0x08002138   Section        0  stm32f10x_tim.o(i.TIM_InternalClockConfig)
    i.TIM_MPU6050_Config                     0x08002144   Section        0  tim.o(i.TIM_MPU6050_Config)
    i.TIM_OC1Init                            0x080021a0   Section        0  stm32f10x_tim.o(i.TIM_OC1Init)
    i.TIM_OC1PreloadConfig                   0x08002238   Section        0  stm32f10x_tim.o(i.TIM_OC1PreloadConfig)
    i.TIM_OC3Init                            0x0800224c   Section        0  stm32f10x_tim.o(i.TIM_OC3Init)
    i.TIM_OC3PreloadConfig                   0x080022ec   Section        0  stm32f10x_tim.o(i.TIM_OC3PreloadConfig)
    i.TIM_SetIC1Prescaler                    0x080022fe   Section        0  stm32f10x_tim.o(i.TIM_SetIC1Prescaler)
    i.TIM_SetIC2Prescaler                    0x08002310   Section        0  stm32f10x_tim.o(i.TIM_SetIC2Prescaler)
    i.TIM_SetIC3Prescaler                    0x0800232a   Section        0  stm32f10x_tim.o(i.TIM_SetIC3Prescaler)
    i.TIM_SetIC4Prescaler                    0x0800233c   Section        0  stm32f10x_tim.o(i.TIM_SetIC4Prescaler)
    i.TIM_TimeBaseInit                       0x08002358   Section        0  stm32f10x_tim.o(i.TIM_TimeBaseInit)
    i.USART1_IRQHandler                      0x080023fc   Section        0  usart.o(i.USART1_IRQHandler)
    i.USART_ClearFlag                        0x08002444   Section        0  stm32f10x_usart.o(i.USART_ClearFlag)
    i.USART_ClearITPendingBit                0x08002456   Section        0  stm32f10x_usart.o(i.USART_ClearITPendingBit)
    i.USART_Cmd                              0x08002474   Section        0  stm32f10x_usart.o(i.USART_Cmd)
    i.USART_Config                           0x0800248c   Section        0  usart.o(i.USART_Config)
    i.USART_GetFlagStatus                    0x08002534   Section        0  stm32f10x_usart.o(i.USART_GetFlagStatus)
    i.USART_GetITStatus                      0x0800254e   Section        0  stm32f10x_usart.o(i.USART_GetITStatus)
    i.USART_Init                             0x080025a4   Section        0  stm32f10x_usart.o(i.USART_Init)
    i.USART_ReceiveData                      0x0800267c   Section        0  stm32f10x_usart.o(i.USART_ReceiveData)
    i.USART_SendData                         0x08002686   Section        0  stm32f10x_usart.o(i.USART_SendData)
    i.USART_SendString                       0x0800268e   Section        0  usart.o(i.USART_SendString)
    i.UsageFault_Handler                     0x080026c8   Section        0  stm32f10x_it.o(i.UsageFault_Handler)
    i.__0printf$5                            0x080026cc   Section        0  printf5.o(i.__0printf$5)
    i.__ARM_fpclassify                       0x080026ec   Section        0  fpclassify.o(i.__ARM_fpclassify)
    i.__kernel_poly                          0x08002714   Section        0  poly.o(i.__kernel_poly)
    i.__mathlib_dbl_infnan                   0x080027be   Section        0  dunder.o(i.__mathlib_dbl_infnan)
    i.__mathlib_dbl_infnan2                  0x080027c4   Section        0  dunder.o(i.__mathlib_dbl_infnan2)
    i.__mathlib_dbl_underflow                0x080027c8   Section        0  dunder.o(i.__mathlib_dbl_underflow)
    i.__scatterload_copy                     0x080027d8   Section       14  handlers.o(i.__scatterload_copy)
    i.__scatterload_null                     0x080027e6   Section        2  handlers.o(i.__scatterload_null)
    i.__scatterload_zeroinit                 0x080027e8   Section       14  handlers.o(i.__scatterload_zeroinit)
    i.__set_errno                            0x080027f8   Section        0  errno.o(i.__set_errno)
    i._printf_core                           0x08002804   Section        0  printf5.o(i._printf_core)
    _printf_core                             0x08002805   Thumb Code   660  printf5.o(i._printf_core)
    i.atan                                   0x08002ac4   Section        0  atan.o(i.atan)
    i.atan2                                  0x08002ce4   Section        0  atan2.o(i.atan2)
    i.fputc                                  0x08002e80   Section        0  usart.o(i.fputc)
    i.main                                   0x08002ea4   Section        0  main.o(i.main)
    i.myabs                                  0x08002f74   Section        0  ctrl.o(i.myabs)
    .constdata                               0x08002f82   Section     1520  oled.o(.constdata)
    .constdata                               0x08003578   Section      152  atan.o(.constdata)
    atanhi                                   0x08003578   Data          32  atan.o(.constdata)
    atanlo                                   0x08003598   Data          32  atan.o(.constdata)
    aTodd                                    0x080035b8   Data          40  atan.o(.constdata)
    aTeven                                   0x080035e0   Data          48  atan.o(.constdata)
    .constdata                               0x08003610   Section        8  qnan.o(.constdata)
    .data                                    0x20000000   Section       20  stm32f10x_rcc.o(.data)
    APBAHBPrescTable                         0x20000000   Data          16  stm32f10x_rcc.o(.data)
    ADCPrescTable                            0x20000010   Data           4  stm32f10x_rcc.o(.data)
    .data                                    0x20000014   Section       52  main.o(.data)
    .data                                    0x20000048   Section       56  mpu6050.o(.data)
    rad2deg                                  0x20000048   Data           4  mpu6050.o(.data)
    gx                                       0x2000004c   Data           4  mpu6050.o(.data)
    gy                                       0x20000050   Data           4  mpu6050.o(.data)
    ax                                       0x20000054   Data           4  mpu6050.o(.data)
    ay                                       0x20000058   Data           4  mpu6050.o(.data)
    az                                       0x2000005c   Data           4  mpu6050.o(.data)
    pitch                                    0x20000060   Data           4  mpu6050.o(.data)
    roll                                     0x20000064   Data           4  mpu6050.o(.data)
    angle1                                   0x20000068   Data           4  mpu6050.o(.data)
    angle2                                   0x2000006c   Data           4  mpu6050.o(.data)
    ex_gyro                                  0x20000070   Data           4  mpu6050.o(.data)
    ey_gyro                                  0x20000074   Data           4  mpu6050.o(.data)
    dt                                       0x20000078   Data           4  mpu6050.o(.data)
    ki                                       0x2000007c   Data           4  mpu6050.o(.data)
    .data                                    0x20000080   Section       76  pid.o(.data)
    Encoder                                  0x200000c0   Data           4  pid.o(.data)
    last_Encoder                             0x200000c4   Data           4  pid.o(.data)
    Encoder_Integral                         0x200000c8   Data           4  pid.o(.data)
    .data                                    0x200000cc   Section        4  stdout.o(.data)
    .data                                    0x200000d0   Section        4  errno.o(.data)
    _errno                                   0x200000d0   Data           4  errno.o(.data)
    .bss                                     0x200000d4   Section      128  pid.o(.bss)
    STACK                                    0x20000158   Section     1024  startup_stm32f10x_md.o(STACK)

    Global Symbols

    Symbol Name                              Value     Ov Type        Size  Object(Section)

    BuildAttributes$$THM_ISAv4$P$D$K$B$S$PE$A:L22UL41UL21$X:L11$S22US41US21$IEEE1$IW$USESV6$~STKCKD$USESV7$~SHL$OTIME$ROPI$IEEEX$EBA8$MICROLIB$REQ8$PRES8$EABIv2 0x00000000   Number         0  anon$$obj.o ABSOLUTE
    __ARM_use_no_argv                        0x00000000   Number         0  main.o ABSOLUTE
    _printf_a                                0x00000000   Number         0  stubs.o ABSOLUTE
    _printf_c                                0x00000000   Number         0  stubs.o ABSOLUTE
    _printf_charcount                        0x00000000   Number         0  stubs.o ABSOLUTE
    _printf_d                                0x00000000   Number         0  stubs.o ABSOLUTE
    _printf_e                                0x00000000   Number         0  stubs.o ABSOLUTE
    _printf_f                                0x00000000   Number         0  stubs.o ABSOLUTE
    _printf_flags                            0x00000000   Number         0  stubs.o ABSOLUTE
    _printf_fp_dec                           0x00000000   Number         0  stubs.o ABSOLUTE
    _printf_fp_hex                           0x00000000   Number         0  stubs.o ABSOLUTE
    _printf_g                                0x00000000   Number         0  stubs.o ABSOLUTE
    _printf_i                                0x00000000   Number         0  stubs.o ABSOLUTE
    _printf_int_dec                          0x00000000   Number         0  stubs.o ABSOLUTE
    _printf_l                                0x00000000   Number         0  stubs.o ABSOLUTE
    _printf_lc                               0x00000000   Number         0  stubs.o ABSOLUTE
    _printf_ll                               0x00000000   Number         0  stubs.o ABSOLUTE
    _printf_lld                              0x00000000   Number         0  stubs.o ABSOLUTE
    _printf_lli                              0x00000000   Number         0  stubs.o ABSOLUTE
    _printf_llo                              0x00000000   Number         0  stubs.o ABSOLUTE
    _printf_llu                              0x00000000   Number         0  stubs.o ABSOLUTE
    _printf_llx                              0x00000000   Number         0  stubs.o ABSOLUTE
    _printf_longlong_dec                     0x00000000   Number         0  stubs.o ABSOLUTE
    _printf_longlong_hex                     0x00000000   Number         0  stubs.o ABSOLUTE
    _printf_longlong_oct                     0x00000000   Number         0  stubs.o ABSOLUTE
    _printf_ls                               0x00000000   Number         0  stubs.o ABSOLUTE
    _printf_mbtowc                           0x00000000   Number         0  stubs.o ABSOLUTE
    _printf_n                                0x00000000   Number         0  stubs.o ABSOLUTE
    _printf_o                                0x00000000   Number         0  stubs.o ABSOLUTE
    _printf_p                                0x00000000   Number         0  stubs.o ABSOLUTE
    _printf_percent                          0x00000000   Number         0  stubs.o ABSOLUTE
    _printf_pre_padding                      0x00000000   Number         0  stubs.o ABSOLUTE
    _printf_return_value                     0x00000000   Number         0  stubs.o ABSOLUTE
    _printf_s                                0x00000000   Number         0  stubs.o ABSOLUTE
    _printf_sizespec                         0x00000000   Number         0  stubs.o ABSOLUTE
    _printf_str                              0x00000000   Number         0  stubs.o ABSOLUTE
    _printf_truncate_signed                  0x00000000   Number         0  stubs.o ABSOLUTE
    _printf_truncate_unsigned                0x00000000   Number         0  stubs.o ABSOLUTE
    _printf_u                                0x00000000   Number         0  stubs.o ABSOLUTE
    _printf_wc                               0x00000000   Number         0  stubs.o ABSOLUTE
    _printf_wctomb                           0x00000000   Number         0  stubs.o ABSOLUTE
    _printf_widthprec                        0x00000000   Number         0  stubs.o ABSOLUTE
    _printf_x                                0x00000000   Number         0  stubs.o ABSOLUTE
    __arm_fini_                               - Undefined Weak Reference
    __cpp_initialize__aeabi_                  - Undefined Weak Reference
    __cxa_finalize                            - Undefined Weak Reference
    __decompress                              - Undefined Weak Reference
    _clock_init                               - Undefined Weak Reference
    _microlib_exit                            - Undefined Weak Reference
    __Vectors_Size                           0x000000ec   Number         0  startup_stm32f10x_md.o ABSOLUTE
    __Vectors                                0x08000000   Data           4  startup_stm32f10x_md.o(RESET)
    __Vectors_End                            0x080000ec   Data           0  startup_stm32f10x_md.o(RESET)
    __main                                   0x080000ed   Thumb Code     0  entry.o(.ARM.Collect$$$$00000000)
    _main_stk                                0x080000ed   Thumb Code     0  entry2.o(.ARM.Collect$$$$00000001)
    _main_scatterload                        0x080000f1   Thumb Code     0  entry5.o(.ARM.Collect$$$$00000004)
    __main_after_scatterload                 0x080000f5   Thumb Code     0  entry5.o(.ARM.Collect$$$$00000004)
    _main_clock                              0x080000f5   Thumb Code     0  entry7b.o(.ARM.Collect$$$$00000008)
    _main_cpp_init                           0x080000f5   Thumb Code     0  entry8b.o(.ARM.Collect$$$$0000000A)
    _main_init                               0x080000f5   Thumb Code     0  entry9a.o(.ARM.Collect$$$$0000000B)
    __rt_lib_shutdown_fini                   0x080000fd   Thumb Code     0  entry12b.o(.ARM.Collect$$$$0000000E)
    __rt_final_cpp                           0x08000101   Thumb Code     0  entry10a.o(.ARM.Collect$$$$0000000F)
    __rt_final_exit                          0x08000101   Thumb Code     0  entry11a.o(.ARM.Collect$$$$00000011)
    Reset_Handler                            0x08000105   Thumb Code     8  startup_stm32f10x_md.o(.text)
    ADC1_2_IRQHandler                        0x0800011f   Thumb Code     0  startup_stm32f10x_md.o(.text)
    CAN1_RX1_IRQHandler                      0x0800011f   Thumb Code     0  startup_stm32f10x_md.o(.text)
    CAN1_SCE_IRQHandler                      0x0800011f   Thumb Code     0  startup_stm32f10x_md.o(.text)
    DMA1_Channel1_IRQHandler                 0x0800011f   Thumb Code     0  startup_stm32f10x_md.o(.text)
    DMA1_Channel2_IRQHandler                 0x0800011f   Thumb Code     0  startup_stm32f10x_md.o(.text)
    DMA1_Channel3_IRQHandler                 0x0800011f   Thumb Code     0  startup_stm32f10x_md.o(.text)
    DMA1_Channel4_IRQHandler                 0x0800011f   Thumb Code     0  startup_stm32f10x_md.o(.text)
    DMA1_Channel5_IRQHandler                 0x0800011f   Thumb Code     0  startup_stm32f10x_md.o(.text)
    DMA1_Channel6_IRQHandler                 0x0800011f   Thumb Code     0  startup_stm32f10x_md.o(.text)
    DMA1_Channel7_IRQHandler                 0x0800011f   Thumb Code     0  startup_stm32f10x_md.o(.text)
    EXTI0_IRQHandler                         0x0800011f   Thumb Code     0  startup_stm32f10x_md.o(.text)
    EXTI15_10_IRQHandler                     0x0800011f   Thumb Code     0  startup_stm32f10x_md.o(.text)
    EXTI1_IRQHandler                         0x0800011f   Thumb Code     0  startup_stm32f10x_md.o(.text)
    EXTI2_IRQHandler                         0x0800011f   Thumb Code     0  startup_stm32f10x_md.o(.text)
    EXTI3_IRQHandler                         0x0800011f   Thumb Code     0  startup_stm32f10x_md.o(.text)
    EXTI4_IRQHandler                         0x0800011f   Thumb Code     0  startup_stm32f10x_md.o(.text)
    EXTI9_5_IRQHandler                       0x0800011f   Thumb Code     0  startup_stm32f10x_md.o(.text)
    FLASH_IRQHandler                         0x0800011f   Thumb Code     0  startup_stm32f10x_md.o(.text)
    I2C1_ER_IRQHandler                       0x0800011f   Thumb Code     0  startup_stm32f10x_md.o(.text)
    I2C1_EV_IRQHandler                       0x0800011f   Thumb Code     0  startup_stm32f10x_md.o(.text)
    I2C2_ER_IRQHandler                       0x0800011f   Thumb Code     0  startup_stm32f10x_md.o(.text)
    I2C2_EV_IRQHandler                       0x0800011f   Thumb Code     0  startup_stm32f10x_md.o(.text)
    PVD_IRQHandler                           0x0800011f   Thumb Code     0  startup_stm32f10x_md.o(.text)
    RCC_IRQHandler                           0x0800011f   Thumb Code     0  startup_stm32f10x_md.o(.text)
    RTCAlarm_IRQHandler                      0x0800011f   Thumb Code     0  startup_stm32f10x_md.o(.text)
    RTC_IRQHandler                           0x0800011f   Thumb Code     0  startup_stm32f10x_md.o(.text)
    SPI1_IRQHandler                          0x0800011f   Thumb Code     0  startup_stm32f10x_md.o(.text)
    SPI2_IRQHandler                          0x0800011f   Thumb Code     0  startup_stm32f10x_md.o(.text)
    TAMPER_IRQHandler                        0x0800011f   Thumb Code     0  startup_stm32f10x_md.o(.text)
    TIM1_BRK_IRQHandler                      0x0800011f   Thumb Code     0  startup_stm32f10x_md.o(.text)
    TIM1_CC_IRQHandler                       0x0800011f   Thumb Code     0  startup_stm32f10x_md.o(.text)
    TIM1_TRG_COM_IRQHandler                  0x0800011f   Thumb Code     0  startup_stm32f10x_md.o(.text)
    TIM2_IRQHandler                          0x0800011f   Thumb Code     0  startup_stm32f10x_md.o(.text)
    TIM3_IRQHandler                          0x0800011f   Thumb Code     0  startup_stm32f10x_md.o(.text)
    TIM4_IRQHandler                          0x0800011f   Thumb Code     0  startup_stm32f10x_md.o(.text)
    USART2_IRQHandler                        0x0800011f   Thumb Code     0  startup_stm32f10x_md.o(.text)
    USART3_IRQHandler                        0x0800011f   Thumb Code     0  startup_stm32f10x_md.o(.text)
    USBWakeUp_IRQHandler                     0x0800011f   Thumb Code     0  startup_stm32f10x_md.o(.text)
    USB_HP_CAN1_TX_IRQHandler                0x0800011f   Thumb Code     0  startup_stm32f10x_md.o(.text)
    USB_LP_CAN1_RX0_IRQHandler               0x0800011f   Thumb Code     0  startup_stm32f10x_md.o(.text)
    WWDG_IRQHandler                          0x0800011f   Thumb Code     0  startup_stm32f10x_md.o(.text)
    __aeabi_fadd                             0x08000129   Thumb Code   164  fadd.o(.text)
    __aeabi_fsub                             0x080001cd   Thumb Code     6  fadd.o(.text)
    __aeabi_frsub                            0x080001d3   Thumb Code     6  fadd.o(.text)
    __aeabi_fmul                             0x080001d9   Thumb Code   100  fmul.o(.text)
    __aeabi_fdiv                             0x0800023d   Thumb Code   124  fdiv.o(.text)
    __aeabi_dadd                             0x080002b9   Thumb Code   322  dadd.o(.text)
    __aeabi_dsub                             0x080003fb   Thumb Code     6  dadd.o(.text)
    __aeabi_drsub                            0x08000401   Thumb Code     6  dadd.o(.text)
    __aeabi_dmul                             0x08000407   Thumb Code   228  dmul.o(.text)
    __aeabi_ddiv                             0x080004eb   Thumb Code   222  ddiv.o(.text)
    __aeabi_i2f                              0x080005c9   Thumb Code    18  fflti.o(.text)
    __aeabi_i2d                              0x080005db   Thumb Code    34  dflti.o(.text)
    __aeabi_f2iz                             0x080005fd   Thumb Code    50  ffixi.o(.text)
    __aeabi_f2uiz                            0x0800062f   Thumb Code    40  ffixui.o(.text)
    __aeabi_f2d                              0x08000657   Thumb Code    38  f2d.o(.text)
    __aeabi_d2f                              0x0800067d   Thumb Code    56  d2f.o(.text)
    __aeabi_cfcmpeq                          0x080006b5   Thumb Code     0  cfcmple.o(.text)
    __aeabi_cfcmple                          0x080006b5   Thumb Code    20  cfcmple.o(.text)
    __aeabi_cfrcmple                         0x080006c9   Thumb Code    20  cfrcmple.o(.text)
    __aeabi_uldivmod                         0x080006dd   Thumb Code    98  uldiv.o(.text)
    __aeabi_llsl                             0x0800073f   Thumb Code    30  llshl.o(.text)
    _ll_shift_l                              0x0800073f   Thumb Code     0  llshl.o(.text)
    __aeabi_lasr                             0x0800075d   Thumb Code    36  llsshr.o(.text)
    _ll_sshift_r                             0x0800075d   Thumb Code     0  llsshr.o(.text)
    __I$use$fp                               0x08000781   Thumb Code     0  iusefp.o(.text)
    _float_round                             0x08000781   Thumb Code    18  fepilogue.o(.text)
    _float_epilogue                          0x08000793   Thumb Code    92  fepilogue.o(.text)
    _double_round                            0x080007ef   Thumb Code    30  depilogue.o(.text)
    _double_epilogue                         0x0800080d   Thumb Code   156  depilogue.o(.text)
    __ARM_scalbn                             0x080008a9   Thumb Code    46  dscalb.o(.text)
    scalbn                                   0x080008a9   Thumb Code     0  dscalb.o(.text)
    __aeabi_cdcmpeq                          0x080008d9   Thumb Code     0  cdcmple.o(.text)
    __aeabi_cdcmple                          0x080008d9   Thumb Code    48  cdcmple.o(.text)
    __scatterload                            0x08000909   Thumb Code    28  init.o(.text)
    __scatterload_rt2                        0x08000909   Thumb Code     0  init.o(.text)
    __aeabi_llsr                             0x0800092d   Thumb Code    32  llushr.o(.text)
    _ll_ushift_r                             0x0800092d   Thumb Code     0  llushr.o(.text)
    All_Init                                 0x0800094d   Thumb Code    64  main.o(i.All_Init)
    Blance_PID                               0x080009b1   Thumb Code    70  pid.o(i.Blance_PID)
    BusFault_Handler                         0x08000a05   Thumb Code     4  stm32f10x_it.o(i.BusFault_Handler)
    Ctrl_Init                                0x08000a09   Thumb Code    38  ctrl.o(i.Ctrl_Init)
    DebugMon_Handler                         0x08000a35   Thumb Code     2  stm32f10x_it.o(i.DebugMon_Handler)
    Delay_Ms                                 0x08000a39   Thumb Code    54  tim.o(i.Delay_Ms)
    ENCODE_Config                            0x08000a75   Thumb Code    12  encode.o(i.ENCODE_Config)
    GPIO_Init                                0x08000a81   Thumb Code   278  stm32f10x_gpio.o(i.GPIO_Init)
    GPIO_PinRemapConfig                      0x08000b99   Thumb Code   138  stm32f10x_gpio.o(i.GPIO_PinRemapConfig)
    GPIO_ReadInputDataBit                    0x08000c29   Thumb Code    18  stm32f10x_gpio.o(i.GPIO_ReadInputDataBit)
    GPIO_SetBits                             0x08000c3b   Thumb Code     4  stm32f10x_gpio.o(i.GPIO_SetBits)
    GPIO_WriteBit                            0x08000c3f   Thumb Code    10  stm32f10x_gpio.o(i.GPIO_WriteBit)
    Get_LEncoder                             0x08000c49   Thumb Code    22  encode.o(i.Get_LEncoder)
    Get_REncoder                             0x08000c65   Thumb Code    24  encode.o(i.Get_REncoder)
    HardFault_Handler                        0x08000c7d   Thumb Code     4  stm32f10x_it.o(i.HardFault_Handler)
    I2C_R_SDA                                0x08000c81   Thumb Code    16  i2c.o(i.I2C_R_SDA)
    I2C_ReadAck                              0x08000c95   Thumb Code    30  i2c.o(i.I2C_ReadAck)
    I2C_ReadByte                             0x08000cb3   Thumb Code    52  i2c.o(i.I2C_ReadByte)
    I2C_SendAck                              0x08000ce7   Thumb Code    24  i2c.o(i.I2C_SendAck)
    I2C_SendBit                              0x08000cff   Thumb Code    42  i2c.o(i.I2C_SendBit)
    I2C_Start                                0x08000d29   Thumb Code    28  i2c.o(i.I2C_Start)
    I2C_Stop                                 0x08000d45   Thumb Code    22  i2c.o(i.I2C_Stop)
    I2C_W_SCL                                0x08000d5d   Thumb Code    16  i2c.o(i.I2C_W_SCL)
    I2C_W_SDA                                0x08000d71   Thumb Code    16  i2c.o(i.I2C_W_SDA)
    LENCODE_Config                           0x08000d85   Thumb Code   148  encode.o(i.LENCODE_Config)
    MOTO_Ctrl                                0x08000e21   Thumb Code   156  ctrl.o(i.MOTO_Ctrl)
    MPU6050_GetData                          0x08000ec9   Thumb Code   198  mpu6050.o(i.MPU6050_GetData)
    MPU6050_I2C_software                     0x08000f91   Thumb Code    46  i2c.o(i.MPU6050_I2C_software)
    MPU6050_Init                             0x08000fc5   Thumb Code    72  mpu6050.o(i.MPU6050_Init)
    MPU6050_Read                             0x08001011   Thumb Code    64  mpu6050.o(i.MPU6050_Read)
    MPU6050_Write                            0x08001051   Thumb Code    46  mpu6050.o(i.MPU6050_Write)
    MPU_Get_Pitch                            0x08001081   Thumb Code   236  mpu6050.o(i.MPU_Get_Pitch)
    MPU_Get_Roll                             0x080011b1   Thumb Code   236  mpu6050.o(i.MPU_Get_Roll)
    MemManage_Handler                        0x080012e1   Thumb Code     4  stm32f10x_it.o(i.MemManage_Handler)
    NMI_Handler                              0x080012e5   Thumb Code     2  stm32f10x_it.o(i.NMI_Handler)
    NVIC_Config                              0x080012e7   Thumb Code    42  tim.o(i.NVIC_Config)
    NVIC_Init                                0x08001311   Thumb Code   100  misc.o(i.NVIC_Init)
    NVIC_PriorityGroupConfig                 0x08001381   Thumb Code    10  misc.o(i.NVIC_PriorityGroupConfig)
    OLED_Clear                               0x08001395   Thumb Code    42  oled.o(i.OLED_Clear)
    OLED_I2C_Init                            0x080013c1   Thumb Code    76  oled.o(i.OLED_I2C_Init)
    OLED_I2C_SendByte                        0x08001411   Thumb Code    80  oled.o(i.OLED_I2C_SendByte)
    OLED_I2C_Start                           0x08001465   Thumb Code    48  oled.o(i.OLED_I2C_Start)
    OLED_I2C_Stop                            0x08001499   Thumb Code    36  oled.o(i.OLED_I2C_Stop)
    OLED_Init                                0x080014c1   Thumb Code   174  oled.o(i.OLED_Init)
    OLED_Pow                                 0x0800156f   Thumb Code    20  oled.o(i.OLED_Pow)
    OLED_SetCursor                           0x08001583   Thumb Code    34  oled.o(i.OLED_SetCursor)
    OLED_ShowChar                            0x080015a5   Thumb Code   110  oled.o(i.OLED_ShowChar)
    OLED_ShowMPU6050                         0x08001619   Thumb Code    80  main.o(i.OLED_ShowMPU6050)
    OLED_ShowSignedNum                       0x08001679   Thumb Code   102  oled.o(i.OLED_ShowSignedNum)
    OLED_ShowString                          0x080016df   Thumb Code    40  oled.o(i.OLED_ShowString)
    OLED_WriteCommand                        0x08001707   Thumb Code    32  oled.o(i.OLED_WriteCommand)
    OLED_WriteData                           0x08001727   Thumb Code    32  oled.o(i.OLED_WriteData)
    PID_CTRL                                 0x08001749   Thumb Code   140  pid.o(i.PID_CTRL)
    PID_Init                                 0x08001801   Thumb Code    52  pid.o(i.PID_Init)
    PWM_Config                               0x08001849   Thumb Code   166  tim.o(i.PWM_Config)
    PendSV_Handler                           0x080018f9   Thumb Code     2  stm32f10x_it.o(i.PendSV_Handler)
    RCC_APB1PeriphClockCmd                   0x080018fd   Thumb Code    26  stm32f10x_rcc.o(i.RCC_APB1PeriphClockCmd)
    RCC_APB2PeriphClockCmd                   0x0800191d   Thumb Code    26  stm32f10x_rcc.o(i.RCC_APB2PeriphClockCmd)
    RCC_GetClocksFreq                        0x0800193d   Thumb Code   192  stm32f10x_rcc.o(i.RCC_GetClocksFreq)
    RENCODE_Config                           0x08001a11   Thumb Code   152  encode.o(i.RENCODE_Config)
    SVC_Handler                              0x08001aad   Thumb Code     2  stm32f10x_it.o(i.SVC_Handler)
    Speed_PID                                0x08001b99   Thumb Code   168  pid.o(i.Speed_PID)
    SysTick_Handler                          0x08001cbd   Thumb Code     2  stm32f10x_it.o(i.SysTick_Handler)
    SystemInit                               0x08001cc1   Thumb Code    78  system_stm32f10x.o(i.SystemInit)
    TIM1_UP_IRQHandler                       0x08001f61   Thumb Code    62  tim.o(i.TIM1_UP_IRQHandler)
    TIM_ARRPreloadConfig                     0x08001fc9   Thumb Code    24  stm32f10x_tim.o(i.TIM_ARRPreloadConfig)
    TIM_ClearITPendingBit                    0x08001fe1   Thumb Code     6  stm32f10x_tim.o(i.TIM_ClearITPendingBit)
    TIM_Cmd                                  0x08001fe7   Thumb Code    24  stm32f10x_tim.o(i.TIM_Cmd)
    TIM_EncoderInterfaceConfig               0x08001fff   Thumb Code    66  stm32f10x_tim.o(i.TIM_EncoderInterfaceConfig)
    TIM_GetCounter                           0x08002041   Thumb Code     6  stm32f10x_tim.o(i.TIM_GetCounter)
    TIM_GetITStatus                          0x08002047   Thumb Code    34  stm32f10x_tim.o(i.TIM_GetITStatus)
    TIM_ICInit                               0x08002069   Thumb Code   150  stm32f10x_tim.o(i.TIM_ICInit)
    TIM_ICStructInit                         0x08002115   Thumb Code    18  stm32f10x_tim.o(i.TIM_ICStructInit)
    TIM_ITConfig                             0x08002127   Thumb Code    18  stm32f10x_tim.o(i.TIM_ITConfig)
    TIM_InternalClockConfig                  0x08002139   Thumb Code    12  stm32f10x_tim.o(i.TIM_InternalClockConfig)
    TIM_MPU6050_Config                       0x08002145   Thumb Code    86  tim.o(i.TIM_MPU6050_Config)
    TIM_OC1Init                              0x080021a1   Thumb Code   132  stm32f10x_tim.o(i.TIM_OC1Init)
    TIM_OC1PreloadConfig                     0x08002239   Thumb Code    18  stm32f10x_tim.o(i.TIM_OC1PreloadConfig)
    TIM_OC3Init                              0x0800224d   Thumb Code   150  stm32f10x_tim.o(i.TIM_OC3Init)
    TIM_OC3PreloadConfig                     0x080022ed   Thumb Code    18  stm32f10x_tim.o(i.TIM_OC3PreloadConfig)
    TIM_SetIC1Prescaler                      0x080022ff   Thumb Code    18  stm32f10x_tim.o(i.TIM_SetIC1Prescaler)
    TIM_SetIC2Prescaler                      0x08002311   Thumb Code    26  stm32f10x_tim.o(i.TIM_SetIC2Prescaler)
    TIM_SetIC3Prescaler                      0x0800232b   Thumb Code    18  stm32f10x_tim.o(i.TIM_SetIC3Prescaler)
    TIM_SetIC4Prescaler                      0x0800233d   Thumb Code    26  stm32f10x_tim.o(i.TIM_SetIC4Prescaler)
    TIM_TimeBaseInit                         0x08002359   Thumb Code   122  stm32f10x_tim.o(i.TIM_TimeBaseInit)
    USART1_IRQHandler                        0x080023fd   Thumb Code    50  usart.o(i.USART1_IRQHandler)
    USART_ClearFlag                          0x08002445   Thumb Code    18  stm32f10x_usart.o(i.USART_ClearFlag)
    USART_ClearITPendingBit                  0x08002457   Thumb Code    30  stm32f10x_usart.o(i.USART_ClearITPendingBit)
    USART_Cmd                                0x08002475   Thumb Code    24  stm32f10x_usart.o(i.USART_Cmd)
    USART_Config                             0x0800248d   Thumb Code   158  usart.o(i.USART_Config)
    USART_GetFlagStatus                      0x08002535   Thumb Code    26  stm32f10x_usart.o(i.USART_GetFlagStatus)
    USART_GetITStatus                        0x0800254f   Thumb Code    84  stm32f10x_usart.o(i.USART_GetITStatus)
    USART_Init                               0x080025a5   Thumb Code   210  stm32f10x_usart.o(i.USART_Init)
    USART_ReceiveData                        0x0800267d   Thumb Code    10  stm32f10x_usart.o(i.USART_ReceiveData)
    USART_SendData                           0x08002687   Thumb Code     8  stm32f10x_usart.o(i.USART_SendData)
    USART_SendString                         0x0800268f   Thumb Code    58  usart.o(i.USART_SendString)
    UsageFault_Handler                       0x080026c9   Thumb Code     4  stm32f10x_it.o(i.UsageFault_Handler)
    __0printf$5                              0x080026cd   Thumb Code    22  printf5.o(i.__0printf$5)
    __1printf$5                              0x080026cd   Thumb Code     0  printf5.o(i.__0printf$5)
    __2printf                                0x080026cd   Thumb Code     0  printf5.o(i.__0printf$5)
    __ARM_fpclassify                         0x080026ed   Thumb Code    40  fpclassify.o(i.__ARM_fpclassify)
    __kernel_poly                            0x08002715   Thumb Code   170  poly.o(i.__kernel_poly)
    __mathlib_dbl_infnan                     0x080027bf   Thumb Code     6  dunder.o(i.__mathlib_dbl_infnan)
    __mathlib_dbl_infnan2                    0x080027c5   Thumb Code     4  dunder.o(i.__mathlib_dbl_infnan2)
    __mathlib_dbl_underflow                  0x080027c9   Thumb Code    10  dunder.o(i.__mathlib_dbl_underflow)
    __scatterload_copy                       0x080027d9   Thumb Code    14  handlers.o(i.__scatterload_copy)
    __scatterload_null                       0x080027e7   Thumb Code     2  handlers.o(i.__scatterload_null)
    __scatterload_zeroinit                   0x080027e9   Thumb Code    14  handlers.o(i.__scatterload_zeroinit)
    __set_errno                              0x080027f9   Thumb Code     6  errno.o(i.__set_errno)
    atan                                     0x08002ac5   Thumb Code   474  atan.o(i.atan)
    atan2                                    0x08002ce5   Thumb Code   374  atan2.o(i.atan2)
    fputc                                    0x08002e81   Thumb Code    32  usart.o(i.fputc)
    main                                     0x08002ea5   Thumb Code   104  main.o(i.main)
    myabs                                    0x08002f75   Thumb Code    14  ctrl.o(i.myabs)
    OLED_F8x16                               0x08002f82   Data        1520  oled.o(.constdata)
    __mathlib_zero                           0x08003610   Data           8  qnan.o(.constdata)
    Region$$Table$$Base                      0x08003618   Number         0  anon$$obj.o(Region$$Table)
    Region$$Table$$Limit                     0x08003638   Number         0  anon$$obj.o(Region$$Table)
    time                                     0x20000014   Data           1  main.o(.data)
    data                                     0x20000015   Data           1  main.o(.data)
    Ax                                       0x20000016   Data           2  main.o(.data)
    Ay                                       0x20000018   Data           2  main.o(.data)
    Az                                       0x2000001a   Data           2  main.o(.data)
    Gx                                       0x2000001c   Data           2  main.o(.data)
    Gy                                       0x2000001e   Data           2  main.o(.data)
    Gz                                       0x20000020   Data           2  main.o(.data)
    Temp                                     0x20000022   Data           2  main.o(.data)
    Ax_offset                                0x20000024   Data           4  main.o(.data)
    Ay_offset                                0x20000028   Data           4  main.o(.data)
    Az_offset                                0x2000002c   Data           4  main.o(.data)
    Gx_offset                                0x20000030   Data           4  main.o(.data)
    Gy_offset                                0x20000034   Data           4  main.o(.data)
    Gz_offset                                0x20000038   Data           4  main.o(.data)
    Pitch                                    0x2000003c   Data           4  main.o(.data)
    Roll                                     0x20000040   Data           4  main.o(.data)
    Yaw                                      0x20000044   Data           4  main.o(.data)
    sum                                      0x20000080   Data           4  pid.o(.data)
    res_pwm                                  0x20000084   Data           4  pid.o(.data)
    Angle                                    0x20000088   Data           4  pid.o(.data)
    Balance_PWM                              0x2000008c   Data           2  pid.o(.data)
    Speed_PWM                                0x2000008e   Data           2  pid.o(.data)
    MOTOL_PWM                                0x20000090   Data           2  pid.o(.data)
    MOTOR_PWM                                0x20000092   Data           2  pid.o(.data)
    Speed_L                                  0x20000094   Data           2  pid.o(.data)
    Speed_R                                  0x20000096   Data           2  pid.o(.data)
    Speed                                    0x20000098   Data           2  pid.o(.data)
    Med_Angle                                0x2000009c   Data           4  pid.o(.data)
    Vertical_Kp                              0x200000a0   Data           4  pid.o(.data)
    Vertical_Kd                              0x200000a4   Data           4  pid.o(.data)
    Velocity_Kp                              0x200000a8   Data           4  pid.o(.data)
    Velocity_Ki                              0x200000ac   Data           4  pid.o(.data)
    Turn_Kp                                  0x200000b0   Data           4  pid.o(.data)
    Vertical_out                             0x200000b4   Data           4  pid.o(.data)
    Velocity_out                             0x200000b8   Data           4  pid.o(.data)
    Turn_out                                 0x200000bc   Data           4  pid.o(.data)
    __stdout                                 0x200000cc   Data           4  stdout.o(.data)
    SpeedCrl_pid                             0x200000d4   Data          32  pid.o(.bss)
    Balance_pid                              0x200000f4   Data          32  pid.o(.bss)
    Speed_pid                                0x20000114   Data          32  pid.o(.bss)
    Steering_pid                             0x20000134   Data          32  pid.o(.bss)
    __initial_sp                             0x20000558   Data           0  startup_stm32f10x_md.o(STACK)



==============================================================================

Memory Map of the image

  Image Entry point : 0x080000ed

  Load Region LR_IROM1 (Base: 0x08000000, Size: 0x0000370c, Max: 0x00010000, ABSOLUTE)

    Execution Region ER_IROM1 (Exec base: 0x08000000, Load base: 0x08000000, Size: 0x00003638, Max: 0x00010000, ABSOLUTE)

    Exec Addr    Load Addr    Size         Type   Attr      Idx    E Section Name        Object

    0x08000000   0x08000000   0x000000ec   Data   RO            3    RESET               startup_stm32f10x_md.o
    0x080000ec   0x080000ec   0x00000000   Code   RO         3924  * .ARM.Collect$$$$00000000  mc_w.l(entry.o)
    0x080000ec   0x080000ec   0x00000004   Code   RO         4237    .ARM.Collect$$$$00000001  mc_w.l(entry2.o)
    0x080000f0   0x080000f0   0x00000004   Code   RO         4240    .ARM.Collect$$$$00000004  mc_w.l(entry5.o)
    0x080000f4   0x080000f4   0x00000000   Code   RO         4242    .ARM.Collect$$$$00000008  mc_w.l(entry7b.o)
    0x080000f4   0x080000f4   0x00000000   Code   RO         4244    .ARM.Collect$$$$0000000A  mc_w.l(entry8b.o)
    0x080000f4   0x080000f4   0x00000008   Code   RO         4245    .ARM.Collect$$$$0000000B  mc_w.l(entry9a.o)
    0x080000fc   0x080000fc   0x00000004   Code   RO         4252    .ARM.Collect$$$$0000000E  mc_w.l(entry12b.o)
    0x08000100   0x08000100   0x00000000   Code   RO         4247    .ARM.Collect$$$$0000000F  mc_w.l(entry10a.o)
    0x08000100   0x08000100   0x00000000   Code   RO         4249    .ARM.Collect$$$$00000011  mc_w.l(entry11a.o)
    0x08000100   0x08000100   0x00000004   Code   RO         4238    .ARM.Collect$$$$00002712  mc_w.l(entry2.o)
    0x08000104   0x08000104   0x00000024   Code   RO            4    .text               startup_stm32f10x_md.o
    0x08000128   0x08000128   0x000000b0   Code   RO         4188    .text               mf_w.l(fadd.o)
    0x080001d8   0x080001d8   0x00000064   Code   RO         4190    .text               mf_w.l(fmul.o)
    0x0800023c   0x0800023c   0x0000007c   Code   RO         4192    .text               mf_w.l(fdiv.o)
    0x080002b8   0x080002b8   0x0000014e   Code   RO         4194    .text               mf_w.l(dadd.o)
    0x08000406   0x08000406   0x000000e4   Code   RO         4196    .text               mf_w.l(dmul.o)
    0x080004ea   0x080004ea   0x000000de   Code   RO         4198    .text               mf_w.l(ddiv.o)
    0x080005c8   0x080005c8   0x00000012   Code   RO         4200    .text               mf_w.l(fflti.o)
    0x080005da   0x080005da   0x00000022   Code   RO         4204    .text               mf_w.l(dflti.o)
    0x080005fc   0x080005fc   0x00000032   Code   RO         4206    .text               mf_w.l(ffixi.o)
    0x0800062e   0x0800062e   0x00000028   Code   RO         4208    .text               mf_w.l(ffixui.o)
    0x08000656   0x08000656   0x00000026   Code   RO         4210    .text               mf_w.l(f2d.o)
    0x0800067c   0x0800067c   0x00000038   Code   RO         4212    .text               mf_w.l(d2f.o)
    0x080006b4   0x080006b4   0x00000014   Code   RO         4214    .text               mf_w.l(cfcmple.o)
    0x080006c8   0x080006c8   0x00000014   Code   RO         4216    .text               mf_w.l(cfrcmple.o)
    0x080006dc   0x080006dc   0x00000062   Code   RO         4256    .text               mc_w.l(uldiv.o)
    0x0800073e   0x0800073e   0x0000001e   Code   RO         4258    .text               mc_w.l(llshl.o)
    0x0800075c   0x0800075c   0x00000024   Code   RO         4260    .text               mc_w.l(llsshr.o)
    0x08000780   0x08000780   0x00000000   Code   RO         4269    .text               mc_w.l(iusefp.o)
    0x08000780   0x08000780   0x0000006e   Code   RO         4270    .text               mf_w.l(fepilogue.o)
    0x080007ee   0x080007ee   0x000000ba   Code   RO         4272    .text               mf_w.l(depilogue.o)
    0x080008a8   0x080008a8   0x0000002e   Code   RO         4274    .text               mf_w.l(dscalb.o)
    0x080008d6   0x080008d6   0x00000002   PAD
    0x080008d8   0x080008d8   0x00000030   Code   RO         4278    .text               mf_w.l(cdcmple.o)
    0x08000908   0x08000908   0x00000024   Code   RO         4282    .text               mc_w.l(init.o)
    0x0800092c   0x0800092c   0x00000020   Code   RO         4284    .text               mc_w.l(llushr.o)
    0x0800094c   0x0800094c   0x00000064   Code   RO         3108    i.All_Init          main.o
    0x080009b0   0x080009b0   0x00000054   Code   RO         3712    i.Blance_PID        pid.o
    0x08000a04   0x08000a04   0x00000004   Code   RO         3279    i.BusFault_Handler  stm32f10x_it.o
    0x08000a08   0x08000a08   0x0000002c   Code   RO         3342    i.Ctrl_Init         ctrl.o
    0x08000a34   0x08000a34   0x00000002   Code   RO         3280    i.DebugMon_Handler  stm32f10x_it.o
    0x08000a36   0x08000a36   0x00000002   PAD
    0x08000a38   0x08000a38   0x0000003c   Code   RO         3607    i.Delay_Ms          tim.o
    0x08000a74   0x08000a74   0x0000000c   Code   RO         3412    i.ENCODE_Config     encode.o
    0x08000a80   0x08000a80   0x00000116   Code   RO         1292    i.GPIO_Init         stm32f10x_gpio.o
    0x08000b96   0x08000b96   0x00000002   PAD
    0x08000b98   0x08000b98   0x00000090   Code   RO         1294    i.GPIO_PinRemapConfig  stm32f10x_gpio.o
    0x08000c28   0x08000c28   0x00000012   Code   RO         1296    i.GPIO_ReadInputDataBit  stm32f10x_gpio.o
    0x08000c3a   0x08000c3a   0x00000004   Code   RO         1300    i.GPIO_SetBits      stm32f10x_gpio.o
    0x08000c3e   0x08000c3e   0x0000000a   Code   RO         1303    i.GPIO_WriteBit     stm32f10x_gpio.o
    0x08000c48   0x08000c48   0x0000001c   Code   RO         3413    i.Get_LEncoder      encode.o
    0x08000c64   0x08000c64   0x00000018   Code   RO         3414    i.Get_REncoder      encode.o
    0x08000c7c   0x08000c7c   0x00000004   Code   RO         3281    i.HardFault_Handler  stm32f10x_it.o
    0x08000c80   0x08000c80   0x00000014   Code   RO         3448    i.I2C_R_SDA         i2c.o
    0x08000c94   0x08000c94   0x0000001e   Code   RO         3449    i.I2C_ReadAck       i2c.o
    0x08000cb2   0x08000cb2   0x00000034   Code   RO         3450    i.I2C_ReadByte      i2c.o
    0x08000ce6   0x08000ce6   0x00000018   Code   RO         3451    i.I2C_SendAck       i2c.o
    0x08000cfe   0x08000cfe   0x0000002a   Code   RO         3452    i.I2C_SendBit       i2c.o
    0x08000d28   0x08000d28   0x0000001c   Code   RO         3453    i.I2C_Start         i2c.o
    0x08000d44   0x08000d44   0x00000016   Code   RO         3454    i.I2C_Stop          i2c.o
    0x08000d5a   0x08000d5a   0x00000002   PAD
    0x08000d5c   0x08000d5c   0x00000014   Code   RO         3455    i.I2C_W_SCL         i2c.o
    0x08000d70   0x08000d70   0x00000014   Code   RO         3456    i.I2C_W_SDA         i2c.o
    0x08000d84   0x08000d84   0x0000009c   Code   RO         3415    i.LENCODE_Config    encode.o
    0x08000e20   0x08000e20   0x000000a8   Code   RO         3343    i.MOTO_Ctrl         ctrl.o
    0x08000ec8   0x08000ec8   0x000000c6   Code   RO         3541    i.MPU6050_GetData   mpu6050.o
    0x08000f8e   0x08000f8e   0x00000002   PAD
    0x08000f90   0x08000f90   0x00000034   Code   RO         3457    i.MPU6050_I2C_software  i2c.o
    0x08000fc4   0x08000fc4   0x0000004c   Code   RO         3542    i.MPU6050_Init      mpu6050.o
    0x08001010   0x08001010   0x00000040   Code   RO         3543    i.MPU6050_Read      mpu6050.o
    0x08001050   0x08001050   0x0000002e   Code   RO         3545    i.MPU6050_Write     mpu6050.o
    0x0800107e   0x0800107e   0x00000002   PAD
    0x08001080   0x08001080   0x00000130   Code   RO         3548    i.MPU_Get_Pitch     mpu6050.o
    0x080011b0   0x080011b0   0x00000130   Code   RO         3549    i.MPU_Get_Roll      mpu6050.o
    0x080012e0   0x080012e0   0x00000004   Code   RO         3282    i.MemManage_Handler  stm32f10x_it.o
    0x080012e4   0x080012e4   0x00000002   Code   RO         3283    i.NMI_Handler       stm32f10x_it.o
    0x080012e6   0x080012e6   0x0000002a   Code   RO         3609    i.NVIC_Config       tim.o
    0x08001310   0x08001310   0x00000070   Code   RO          137    i.NVIC_Init         misc.o
    0x08001380   0x08001380   0x00000014   Code   RO          138    i.NVIC_PriorityGroupConfig  misc.o
    0x08001394   0x08001394   0x0000002a   Code   RO         3753    i.OLED_Clear        oled.o
    0x080013be   0x080013be   0x00000002   PAD
    0x080013c0   0x080013c0   0x00000050   Code   RO         3754    i.OLED_I2C_Init     oled.o
    0x08001410   0x08001410   0x00000054   Code   RO         3755    i.OLED_I2C_SendByte  oled.o
    0x08001464   0x08001464   0x00000034   Code   RO         3756    i.OLED_I2C_Start    oled.o
    0x08001498   0x08001498   0x00000028   Code   RO         3757    i.OLED_I2C_Stop     oled.o
    0x080014c0   0x080014c0   0x000000ae   Code   RO         3758    i.OLED_Init         oled.o
    0x0800156e   0x0800156e   0x00000014   Code   RO         3759    i.OLED_Pow          oled.o
    0x08001582   0x08001582   0x00000022   Code   RO         3760    i.OLED_SetCursor    oled.o
    0x080015a4   0x080015a4   0x00000074   Code   RO         3762    i.OLED_ShowChar     oled.o
    0x08001618   0x08001618   0x00000060   Code   RO         3110    i.OLED_ShowMPU6050  main.o
    0x08001678   0x08001678   0x00000066   Code   RO         3765    i.OLED_ShowSignedNum  oled.o
    0x080016de   0x080016de   0x00000028   Code   RO         3766    i.OLED_ShowString   oled.o
    0x08001706   0x08001706   0x00000020   Code   RO         3767    i.OLED_WriteCommand  oled.o
    0x08001726   0x08001726   0x00000020   Code   RO         3768    i.OLED_WriteData    oled.o
    0x08001746   0x08001746   0x00000002   PAD
    0x08001748   0x08001748   0x000000b8   Code   RO         3713    i.PID_CTRL          pid.o
    0x08001800   0x08001800   0x00000048   Code   RO         3714    i.PID_Init          pid.o
    0x08001848   0x08001848   0x000000b0   Code   RO         3610    i.PWM_Config        tim.o
    0x080018f8   0x080018f8   0x00000002   Code   RO         3284    i.PendSV_Handler    stm32f10x_it.o
    0x080018fa   0x080018fa   0x00000002   PAD
    0x080018fc   0x080018fc   0x00000020   Code   RO         1708    i.RCC_APB1PeriphClockCmd  stm32f10x_rcc.o
    0x0800191c   0x0800191c   0x00000020   Code   RO         1710    i.RCC_APB2PeriphClockCmd  stm32f10x_rcc.o
    0x0800193c   0x0800193c   0x000000d4   Code   RO         1718    i.RCC_GetClocksFreq  stm32f10x_rcc.o
    0x08001a10   0x08001a10   0x0000009c   Code   RO         3416    i.RENCODE_Config    encode.o
    0x08001aac   0x08001aac   0x00000002   Code   RO         3285    i.SVC_Handler       stm32f10x_it.o
    0x08001aae   0x08001aae   0x00000008   Code   RO           24    i.SetSysClock       system_stm32f10x.o
    0x08001ab6   0x08001ab6   0x00000002   PAD
    0x08001ab8   0x08001ab8   0x000000e0   Code   RO           25    i.SetSysClockTo72   system_stm32f10x.o
    0x08001b98   0x08001b98   0x000000d0   Code   RO         3715    i.Speed_PID         pid.o
    0x08001c68   0x08001c68   0x00000054   Code   RO         3611    i.SysTick_Config    tim.o
    0x08001cbc   0x08001cbc   0x00000002   Code   RO         3286    i.SysTick_Handler   stm32f10x_it.o
    0x08001cbe   0x08001cbe   0x00000002   PAD
    0x08001cc0   0x08001cc0   0x00000060   Code   RO           27    i.SystemInit        system_stm32f10x.o
    0x08001d20   0x08001d20   0x00000080   Code   RO         2326    i.TI1_Config        stm32f10x_tim.o
    0x08001da0   0x08001da0   0x00000098   Code   RO         2327    i.TI2_Config        stm32f10x_tim.o
    0x08001e38   0x08001e38   0x00000090   Code   RO         2328    i.TI3_Config        stm32f10x_tim.o
    0x08001ec8   0x08001ec8   0x00000098   Code   RO         2329    i.TI4_Config        stm32f10x_tim.o
    0x08001f60   0x08001f60   0x00000068   Code   RO         3612    i.TIM1_UP_IRQHandler  tim.o
    0x08001fc8   0x08001fc8   0x00000018   Code   RO         2330    i.TIM_ARRPreloadConfig  stm32f10x_tim.o
    0x08001fe0   0x08001fe0   0x00000006   Code   RO         2337    i.TIM_ClearITPendingBit  stm32f10x_tim.o
    0x08001fe6   0x08001fe6   0x00000018   Code   RO         2342    i.TIM_Cmd           stm32f10x_tim.o
    0x08001ffe   0x08001ffe   0x00000042   Code   RO         2351    i.TIM_EncoderInterfaceConfig  stm32f10x_tim.o
    0x08002040   0x08002040   0x00000006   Code   RO         2361    i.TIM_GetCounter    stm32f10x_tim.o
    0x08002046   0x08002046   0x00000022   Code   RO         2363    i.TIM_GetITStatus   stm32f10x_tim.o
    0x08002068   0x08002068   0x000000ac   Code   RO         2365    i.TIM_ICInit        stm32f10x_tim.o
    0x08002114   0x08002114   0x00000012   Code   RO         2366    i.TIM_ICStructInit  stm32f10x_tim.o
    0x08002126   0x08002126   0x00000012   Code   RO         2367    i.TIM_ITConfig      stm32f10x_tim.o
    0x08002138   0x08002138   0x0000000c   Code   RO         2369    i.TIM_InternalClockConfig  stm32f10x_tim.o
    0x08002144   0x08002144   0x0000005c   Code   RO         3613    i.TIM_MPU6050_Config  tim.o
    0x080021a0   0x080021a0   0x00000098   Code   RO         2371    i.TIM_OC1Init       stm32f10x_tim.o
    0x08002238   0x08002238   0x00000012   Code   RO         2374    i.TIM_OC1PreloadConfig  stm32f10x_tim.o
    0x0800224a   0x0800224a   0x00000002   PAD
    0x0800224c   0x0800224c   0x000000a0   Code   RO         2381    i.TIM_OC3Init       stm32f10x_tim.o
    0x080022ec   0x080022ec   0x00000012   Code   RO         2384    i.TIM_OC3PreloadConfig  stm32f10x_tim.o
    0x080022fe   0x080022fe   0x00000012   Code   RO         2408    i.TIM_SetIC1Prescaler  stm32f10x_tim.o
    0x08002310   0x08002310   0x0000001a   Code   RO         2409    i.TIM_SetIC2Prescaler  stm32f10x_tim.o
    0x0800232a   0x0800232a   0x00000012   Code   RO         2410    i.TIM_SetIC3Prescaler  stm32f10x_tim.o
    0x0800233c   0x0800233c   0x0000001a   Code   RO         2411    i.TIM_SetIC4Prescaler  stm32f10x_tim.o
    0x08002356   0x08002356   0x00000002   PAD
    0x08002358   0x08002358   0x000000a4   Code   RO         2413    i.TIM_TimeBaseInit  stm32f10x_tim.o
    0x080023fc   0x080023fc   0x00000048   Code   RO         3658    i.USART1_IRQHandler  usart.o
    0x08002444   0x08002444   0x00000012   Code   RO         2874    i.USART_ClearFlag   stm32f10x_usart.o
    0x08002456   0x08002456   0x0000001e   Code   RO         2875    i.USART_ClearITPendingBit  stm32f10x_usart.o
    0x08002474   0x08002474   0x00000018   Code   RO         2878    i.USART_Cmd         stm32f10x_usart.o
    0x0800248c   0x0800248c   0x000000a8   Code   RO         3659    i.USART_Config      usart.o
    0x08002534   0x08002534   0x0000001a   Code   RO         2881    i.USART_GetFlagStatus  stm32f10x_usart.o
    0x0800254e   0x0800254e   0x00000054   Code   RO         2882    i.USART_GetITStatus  stm32f10x_usart.o
    0x080025a2   0x080025a2   0x00000002   PAD
    0x080025a4   0x080025a4   0x000000d8   Code   RO         2885    i.USART_Init        stm32f10x_usart.o
    0x0800267c   0x0800267c   0x0000000a   Code   RO         2892    i.USART_ReceiveData  stm32f10x_usart.o
    0x08002686   0x08002686   0x00000008   Code   RO         2895    i.USART_SendData    stm32f10x_usart.o
    0x0800268e   0x0800268e   0x0000003a   Code   RO         3664    i.USART_SendString  usart.o
    0x080026c8   0x080026c8   0x00000004   Code   RO         3287    i.UsageFault_Handler  stm32f10x_it.o
    0x080026cc   0x080026cc   0x00000020   Code   RO         4060    i.__0printf$5       mc_w.l(printf5.o)
    0x080026ec   0x080026ec   0x00000028   Code   RO         4232    i.__ARM_fpclassify  m_ws.l(fpclassify.o)
    0x08002714   0x08002714   0x000000aa   Code   RO         4234    i.__kernel_poly     m_ws.l(poly.o)
    0x080027be   0x080027be   0x00000006   Code   RO         4219    i.__mathlib_dbl_infnan  m_ws.l(dunder.o)
    0x080027c4   0x080027c4   0x00000004   Code   RO         4220    i.__mathlib_dbl_infnan2  m_ws.l(dunder.o)
    0x080027c8   0x080027c8   0x00000010   Code   RO         4224    i.__mathlib_dbl_underflow  m_ws.l(dunder.o)
    0x080027d8   0x080027d8   0x0000000e   Code   RO         4288    i.__scatterload_copy  mc_w.l(handlers.o)
    0x080027e6   0x080027e6   0x00000002   Code   RO         4289    i.__scatterload_null  mc_w.l(handlers.o)
    0x080027e8   0x080027e8   0x0000000e   Code   RO         4290    i.__scatterload_zeroinit  mc_w.l(handlers.o)
    0x080027f6   0x080027f6   0x00000002   PAD
    0x080027f8   0x080027f8   0x0000000c   Code   RO         4264    i.__set_errno       mc_w.l(errno.o)
    0x08002804   0x08002804   0x000002c0   Code   RO         4067    i._printf_core      mc_w.l(printf5.o)
    0x08002ac4   0x08002ac4   0x00000220   Code   RO         3907    i.atan              m_ws.l(atan.o)
    0x08002ce4   0x08002ce4   0x0000019c   Code   RO         3917    i.atan2             m_ws.l(atan2.o)
    0x08002e80   0x08002e80   0x00000024   Code   RO         3665    i.fputc             usart.o
    0x08002ea4   0x08002ea4   0x000000d0   Code   RO         3111    i.main              main.o
    0x08002f74   0x08002f74   0x0000000e   Code   RO         3344    i.myabs             ctrl.o
    0x08002f82   0x08002f82   0x000005f0   Data   RO         3769    .constdata          oled.o
    0x08003572   0x08003572   0x00000006   PAD
    0x08003578   0x08003578   0x00000098   Data   RO         3908    .constdata          m_ws.l(atan.o)
    0x08003610   0x08003610   0x00000008   Data   RO         4236    .constdata          m_ws.l(qnan.o)
    0x08003618   0x08003618   0x00000020   Data   RO         4286    Region$$Table       anon$$obj.o


    Execution Region RW_IRAM1 (Exec base: 0x20000000, Load base: 0x08003638, Size: 0x00000558, Max: 0x00005000, ABSOLUTE)

    Exec Addr    Load Addr    Size         Type   Attr      Idx    E Section Name        Object

    0x20000000   0x08003638   0x00000014   Data   RW         1738    .data               stm32f10x_rcc.o
    0x20000014   0x0800364c   0x00000034   Data   RW         3112    .data               main.o
    0x20000048   0x08003680   0x00000038   Data   RW         3550    .data               mpu6050.o
    0x20000080   0x080036b8   0x0000004c   Data   RW         3717    .data               pid.o
    0x200000cc   0x08003704   0x00000004   Data   RW         4253    .data               mc_w.l(stdout.o)
    0x200000d0   0x08003708   0x00000004   Data   RW         4265    .data               mc_w.l(errno.o)
    0x200000d4        -       0x00000080   Zero   RW         3716    .bss                pid.o
    0x20000154   0x0800370c   0x00000004   PAD
    0x20000158        -       0x00000400   Zero   RW            1    STACK               startup_stm32f10x_md.o


==============================================================================

Image component sizes


      Code (inc. data)   RO Data    RW Data    ZI Data      Debug   Object Name

         0          0          0          0          0       4500   core_cm3.o
       226         18          0          0          0       2720   ctrl.o
       376         18          0          0          0       2632   encode.o
       310         18          0          0          0       4619   i2c.o
       404        156          0         52          0       5047   main.o
       132         22          0          0          0       1595   misc.o
       992        140          0         56          0       4303   mpu6050.o
       848         22       1520          0          0       7407   oled.o
       548        118          0         76        128       3400   pid.o
        36          8        236          0       1024        840   startup_stm32f10x_md.o
       454          6          0          0          0       4641   stm32f10x_gpio.o
        26          0          0          0          0       3614   stm32f10x_it.o
       276         32          0         20          0       4506   stm32f10x_rcc.o
      1556        180          0          0          0      15475   stm32f10x_tim.o
       416          6          0          0          0       6672   stm32f10x_usart.o
       328         28          0          0          0     248881   system_stm32f10x.o
       558         72          0          0          0      18131   tim.o
       334         36          0          0          0       2546   usart.o

    ----------------------------------------------------------------------
      7846        880       1794        204       1156     341529   Object Totals
         0          0         32          0          0          0   (incl. Generated)
        26          0          6          0          4          0   (incl. Padding)

    ----------------------------------------------------------------------

      Code (inc. data)   RO Data    RW Data    ZI Data      Debug   Library Member Name

       544         70        152          0          0        124   atan.o
       412         38          0          0          0        144   atan2.o
        26          6          0          0          0        204   dunder.o
        40          0          0          0          0         68   fpclassify.o
       170          0          0          0          0         96   poly.o
         0          0          8          0          0          0   qnan.o
         0          0          0          0          0          0   entry.o
         0          0          0          0          0          0   entry10a.o
         0          0          0          0          0          0   entry11a.o
         4          0          0          0          0          0   entry12b.o
         8          4          0          0          0          0   entry2.o
         4          0          0          0          0          0   entry5.o
         0          0          0          0          0          0   entry7b.o
         0          0          0          0          0          0   entry8b.o
         8          4          0          0          0          0   entry9a.o
        12          6          0          4          0         68   errno.o
        30          0          0          0          0          0   handlers.o
        36          8          0          0          0         68   init.o
         0          0          0          0          0          0   iusefp.o
        30          0          0          0          0         68   llshl.o
        36          0          0          0          0         68   llsshr.o
        32          0          0          0          0         68   llushr.o
       736         54          0          0          0        184   printf5.o
         0          0          0          4          0          0   stdout.o
        98          0          0          0          0         92   uldiv.o
        48          0          0          0          0         68   cdcmple.o
        20          0          0          0          0         68   cfcmple.o
        20          0          0          0          0         68   cfrcmple.o
        56          0          0          0          0         88   d2f.o
       334          0          0          0          0        148   dadd.o
       222          0          0          0          0        100   ddiv.o
       186          0          0          0          0        176   depilogue.o
        34          0          0          0          0         76   dflti.o
       228          0          0          0          0         96   dmul.o
        46          0          0          0          0         80   dscalb.o
        38          0          0          0          0         68   f2d.o
       176          0          0          0          0        140   fadd.o
       124          0          0          0          0         88   fdiv.o
       110          0          0          0          0        168   fepilogue.o
        50          0          0          0          0         68   ffixi.o
        40          0          0          0          0         68   ffixui.o
        18          0          0          0          0         68   fflti.o
       100          0          0          0          0         76   fmul.o

    ----------------------------------------------------------------------
      4080        190        160          8          0       2964   Library Totals
         4          0          0          0          0          0   (incl. Padding)

    ----------------------------------------------------------------------

      Code (inc. data)   RO Data    RW Data    ZI Data      Debug   Library Name

      1192        114        160          0          0        636   m_ws.l
      1034         76          0          8          0        616   mc_w.l
      1850          0          0          0          0       1712   mf_w.l

    ----------------------------------------------------------------------
      4080        190        160          8          0       2964   Library Totals

    ----------------------------------------------------------------------

==============================================================================


      Code (inc. data)   RO Data    RW Data    ZI Data      Debug   

     11926       1070       1954        212       1156     337677   Grand Totals
     11926       1070       1954        212       1156     337677   ELF Image Totals
     11926       1070       1954        212          0          0   ROM Totals

==============================================================================

    Total RO  Size (Code + RO Data)                13880 (  13.55kB)
    Total RW  Size (RW Data + ZI Data)              1368 (   1.34kB)
    Total ROM Size (Code + RO Data + RW Data)      14092 (  13.76kB)

==============================================================================

